02:21:46 старт: realms_100k → m-s-kkb-ase1a0-3jv4xtlrchfkk
03:09:55 стоп
03:10:16 старт: realms_100k → m-s-kkb-usc1b0-22ldh3r32mcwo
03:38:36 keep-alive ошибка 1: ConnectionError: ('Connection aborted.', ConnectionResetError(104, 'Connection reset by peer'))
03:57:47 старт: realms_100k → m-s-kkb-usw4b2-1cmjzgccmlvr1
03:58:19 keep-alive ошибка 1: ColabRequestError: Failed to issue request GET https://colab.research.google.com/tun/m/m-s-kkb-usc1b0-22ldh3r32mcwo/keep-alive/: Not Found
03:59:20 keep-alive ошибка 2: ColabRequestError: Failed to issue request GET https://colab.research.google.com/tun/m/m-s-kkb-usc1b0-22ldh3r32mcwo/keep-alive/: Not Found
04:00:20 keep-alive ошибка 3: ColabRequestError: Failed to issue request GET https://colab.research.google.com/tun/m/m-s-kkb-usc1b0-22ldh3r32mcwo/keep-alive/: Not Found
04:01:20 keep-alive ошибка 4: ColabRequestError: Failed to issue request GET https://colab.research.google.com/tun/m/m-s-kkb-usc1b0-22ldh3r32mcwo/keep-alive/: Not Found
04:02:20 keep-alive ошибка 5: ColabRequestError: Failed to issue request GET https://colab.research.google.com/tun/m/m-s-kkb-usc1b0-22ldh3r32mcwo/keep-alive/: Not Found
04:03:20 keep-alive ошибка 6: ColabRequestError: Failed to issue request GET https://colab.research.google.com/tun/m/m-s-kkb-usc1b0-22ldh3r32mcwo/keep-alive/: Not Found
04:04:21 keep-alive ошибка 7: ColabRequestError: Failed to issue request GET https://colab.research.google.com/tun/m/m-s-kkb-usc1b0-22ldh3r32mcwo/keep-alive/: Not Found
04:05:21 keep-alive ошибка 8: ColabRequestError: Failed to issue request GET https://colab.research.google.com/tun/m/m-s-kkb-usc1b0-22ldh3r32mcwo/keep-alive/: Not Found
04:06:21 keep-alive ошибка 9: ColabRequestError: Failed to issue request GET https://colab.research.google.com/tun/m/m-s-kkb-usc1b0-22ldh3r32mcwo/keep-alive/: Not Found
04:07:21 keep-alive ошибка 10: ColabRequestError: Failed to issue request GET https://colab.research.google.com/tun/m/m-s-kkb-usc1b0-22ldh3r32mcwo/keep-alive/: Not Found
04:07:21 10 ошибок подряд — выход
04:07:21 стоп
04:16:36 keep-alive ошибка 1: ConnectionError: ('Connection aborted.', ConnectionResetError(104, 'Connection reset by peer'))
04:46:40 старт: realms_100k → m-s-kkb-use1b0-chkimbt3pxlb
04:46:52 keep-alive ошибка 1: ColabRequestError: Failed to issue request GET https://colab.research.google.com/tun/m/m-s-kkb-usw4b2-1cmjzgccmlvr1/keep-alive/: Not Found
04:47:52 keep-alive ошибка 2: ColabRequestError: Failed to issue request GET https://colab.research.google.com/tun/m/m-s-kkb-usw4b2-1cmjzgccmlvr1/keep-alive/: Not Found
04:48:52 keep-alive ошибка 3: ColabRequestError: Failed to issue request GET https://colab.research.google.com/tun/m/m-s-kkb-usw4b2-1cmjzgccmlvr1/keep-alive/: Not Found
04:49:52 keep-alive ошибка 4: ColabRequestError: Failed to issue request GET https://colab.research.google.com/tun/m/m-s-kkb-usw4b2-1cmjzgccmlvr1/keep-alive/: Not Found
04:50:53 keep-alive ошибка 5: ColabRequestError: Failed to issue request GET https://colab.research.google.com/tun/m/m-s-kkb-usw4b2-1cmjzgccmlvr1/keep-alive/: Not Found
04:51:53 keep-alive ошибка 6: ColabRequestError: Failed to issue request GET https://colab.research.google.com/tun/m/m-s-kkb-usw4b2-1cmjzgccmlvr1/keep-alive/: Not Found
04:52:53 keep-alive ошибка 7: ColabRequestError: Failed to issue request GET https://colab.research.google.com/tun/m/m-s-kkb-usw4b2-1cmjzgccmlvr1/keep-alive/: Not Found
04:53:53 keep-alive ошибка 8: ColabRequestError: Failed to issue request GET https://colab.research.google.com/tun/m/m-s-kkb-usw4b2-1cmjzgccmlvr1/keep-alive/: Not Found
04:54:54 keep-alive ошибка 9: ColabRequestError: Failed to issue request GET https://colab.research.google.com/tun/m/m-s-kkb-usw4b2-1cmjzgccmlvr1/keep-alive/: Not Found
04:55:54 keep-alive ошибка 10: ColabRequestError: Failed to issue request GET https://colab.research.google.com/tun/m/m-s-kkb-usw4b2-1cmjzgccmlvr1/keep-alive/: Not Found
04:55:54 10 ошибок подряд — выход
04:55:54 стоп
05:35:14 старт: realms_100k → m-s-kkb-ass1b2-2dbzxpp89m68y
05:35:49 keep-alive ошибка 1: ColabRequestError: Failed to issue request GET https://colab.research.google.com/tun/m/m-s-kkb-use1b0-chkimbt3pxlb/keep-alive/: Not Found
05:36:49 keep-alive ошибка 2: ColabRequestError: Failed to issue request GET https://colab.research.google.com/tun/m/m-s-kkb-use1b0-chkimbt3pxlb/keep-alive/: Not Found
05:37:49 keep-alive ошибка 3: ColabRequestError: Failed to issue request GET https://colab.research.google.com/tun/m/m-s-kkb-use1b0-chkimbt3pxlb/keep-alive/: Not Found
05:38:49 keep-alive ошибка 4: ColabRequestError: Failed to issue request GET https://colab.research.google.com/tun/m/m-s-kkb-use1b0-chkimbt3pxlb/keep-alive/: Not Found
05:39:49 keep-alive ошибка 5: ColabRequestError: Failed to issue request GET https://colab.research.google.com/tun/m/m-s-kkb-use1b0-chkimbt3pxlb/keep-alive/: Not Found
05:40:50 keep-alive ошибка 6: ColabRequestError: Failed to issue request GET https://colab.research.google.com/tun/m/m-s-kkb-use1b0-chkimbt3pxlb/keep-alive/: Not Found
05:41:50 keep-alive ошибка 7: ColabRequestError: Failed to issue request GET https://colab.research.google.com/tun/m/m-s-kkb-use1b0-chkimbt3pxlb/keep-alive/: Not Found
05:42:50 keep-alive ошибка 8: ColabRequestError: Failed to issue request GET https://colab.research.google.com/tun/m/m-s-kkb-use1b0-chkimbt3pxlb/keep-alive/: Not Found
05:43:50 keep-alive ошибка 9: ColabRequestError: Failed to issue request GET https://colab.research.google.com/tun/m/m-s-kkb-use1b0-chkimbt3pxlb/keep-alive/: Not Found
05:44:50 keep-alive ошибка 10: ColabRequestError: Failed to issue request GET https://colab.research.google.com/tun/m/m-s-kkb-use1b0-chkimbt3pxlb/keep-alive/: Not Found
05:44:50 10 ошибок подряд — выход
05:44:50 стоп
06:17:26 keep-alive ошибка 1: ConnectionError: ('Connection aborted.', ConnectionResetError(104, 'Connection reset by peer'))
06:20:52 keep-alive ошибка 1: ConnectionError: ('Connection aborted.', ConnectionResetError(104, 'Connection reset by peer'))
06:22:33 старт: realms_100k → m-s-kkb-usc1b2-1zlkvtvicosj1
06:23:02 keep-alive ошибка 1: ColabRequestError: Failed to issue request GET https://colab.research.google.com/tun/m/m-s-kkb-ass1b2-2dbzxpp89m68y/keep-alive/: Not Found
06:24:03 keep-alive ошибка 2: ColabRequestError: Failed to issue request GET https://colab.research.google.com/tun/m/m-s-kkb-ass1b2-2dbzxpp89m68y/keep-alive/: Not Found
06:25:03 keep-alive ошибка 3: ColabRequestError: Failed to issue request GET https://colab.research.google.com/tun/m/m-s-kkb-ass1b2-2dbzxpp89m68y/keep-alive/: Not Found
06:26:03 keep-alive ошибка 4: ColabRequestError: Failed to issue request GET https://colab.research.google.com/tun/m/m-s-kkb-ass1b2-2dbzxpp89m68y/keep-alive/: Not Found
06:27:03 keep-alive ошибка 5: ColabRequestError: Failed to issue request GET https://colab.research.google.com/tun/m/m-s-kkb-ass1b2-2dbzxpp89m68y/keep-alive/: Not Found
06:28:03 keep-alive ошибка 6: ColabRequestError: Failed to issue request GET https://colab.research.google.com/tun/m/m-s-kkb-ass1b2-2dbzxpp89m68y/keep-alive/: Not Found
06:29:04 keep-alive ошибка 7: ColabRequestError: Failed to issue request GET https://colab.research.google.com/tun/m/m-s-kkb-ass1b2-2dbzxpp89m68y/keep-alive/: Not Found
06:30:04 keep-alive ошибка 8: ColabRequestError: Failed to issue request GET https://colab.research.google.com/tun/m/m-s-kkb-ass1b2-2dbzxpp89m68y/keep-alive/: Not Found
06:31:04 keep-alive ошибка 9: ColabRequestError: Failed to issue request GET https://colab.research.google.com/tun/m/m-s-kkb-ass1b2-2dbzxpp89m68y/keep-alive/: Not Found
06:32:04 keep-alive ошибка 10: ColabRequestError: Failed to issue request GET https://colab.research.google.com/tun/m/m-s-kkb-ass1b2-2dbzxpp89m68y/keep-alive/: Not Found
06:32:04 10 ошибок подряд — выход
06:32:04 стоп
07:09:34 keep-alive ошибка 1: ConnectionError: ('Connection aborted.', ConnectionResetError(104, 'Connection reset by peer'))
07:12:55 стоп
07:13:07 старт: realms_100k → m-s-kkb-usw1c0-10h5x5k93evs3
08:02:14 стоп
08:02:20 старт: realms_100k → m-s-kkb-usw1c2-25pgeno0r28oi
08:53:48 стоп
08:54:03 старт: realms_100k → m-s-kkb-use1c1-cu54ej7fnp0v
08:58:54 стоп
