seed 5: resumed at turn 60000 from /content/r/out/ckpt_5.json
seed 5 turn  60500    13920s  turn p50  87.16 ms p99  830.4  dec p50 0.816 p99 3.59 ms  alive 5 (min 5)  pop 234  state 177 KB  mem 45.9 MB  vetoes 0.58/100  replay 735/735  share 8.857  la 28/840 roll 130 audit 23/28 la_ms p99 0
seed 5 turn  61000    13988s  turn p50  90.32 ms p99  804.5  dec p50 0.830 p99 3.84 ms  alive 5 (min 5)  pop 227  state 177 KB  mem 46.1 MB  vetoes 0.5/100  replay 765/765  share 8.571  la 36/737 roll 154 audit 32/36 la_ms p99 0
seed 5 turn  61500    14045s  turn p50  84.21 ms p99  859.3  dec p50 0.772 p99 3.44 ms  alive 5 (min 5)  pop 239  state 177 KB  mem 46.5 MB  vetoes 0.49/100  replay 716/716  share 9.061  la 25/734 roll 118 audit 22/25 la_ms p99 0
seed 5 turn  62000    14099s  turn p50  77.19 ms p99  689.6  dec p50 0.740 p99 2.69 ms  alive 5 (min 5)  pop 228  state 177 KB  mem 46.4 MB  vetoes 0.52/100  replay 728/728  share 8.485  la 26/862 roll 120 audit 22/26 la_ms p99 0
seed 5 turn  62500    14152s  turn p50  75.78 ms p99  647.2  dec p50 0.734 p99 2.62 ms  alive 5 (min 5)  pop 229  state 177 KB  mem 46.7 MB  vetoes 0.49/100  replay 757/757  share 8.784  la 30/768 roll 130 audit 27/30 la_ms p99 0
seed 5 turn  63000    14205s  turn p50  75.56 ms p99  651.3  dec p50 0.732 p99 2.63 ms  alive 5 (min 5)  pop 233  state 177 KB  mem 46.4 MB  vetoes 0.48/100  replay 703/703  share 9.083  la 29/737 roll 130 audit 25/28 la_ms p99 0
seed 5 turn  63500    14256s  turn p50  75.28 ms p99  896.8  dec p50 0.728 p99 2.60 ms  alive 5 (min 5)  pop 221  state 177 KB  mem 46.4 MB  vetoes 0.57/100  replay 715/715  share 9.275  la 26/717 roll 112 audit 22/25 la_ms p99 0
seed 5 turn  64000    14305s  turn p50  75.46 ms p99  562.4  dec p50 0.728 p99 2.63 ms  alive 5 (min 5)  pop 231  state 177 KB  mem 46.4 MB  vetoes 0.44/100  replay 699/699  share 9.137  la 19/461 roll 76 audit 19/19 la_ms p99 0
seed 5 turn  64500    14353s  turn p50  76.29 ms p99  562.1  dec p50 0.737 p99 2.75 ms  alive 5 (min 5)  pop 230  state 177 KB  mem 46.4 MB  vetoes 0.43/100  replay 738/738  share 9.095  la 17/425 roll 68 audit 17/17 la_ms p99 0
seed 5 turn  65000    14409s  turn p50  76.29 ms p99  727.2  dec p50 0.738 p99 2.75 ms  alive 5 (min 5)  pop 230  state 177 KB  mem 47.9 MB  vetoes 0.45/100  replay 701/701  share 9.234  la 27/589 roll 116 audit 21/27 la_ms p99 0
seed 5 turn  65500    14461s  turn p50  76.17 ms p99  680.8  dec p50 0.730 p99 2.71 ms  alive 5 (min 5)  pop 230  state 177 KB  mem 47.9 MB  vetoes 0.5/100  replay 759/759  share 8.825  la 27/567 roll 114 audit 26/27 la_ms p99 0
seed 5 turn  66000    14509s  turn p50  75.72 ms p99  568.8  dec p50 0.728 p99 2.74 ms  alive 5 (min 5)  pop 220  state 177 KB  mem 47.9 MB  vetoes 0.42/100  replay 735/735  share 8.946  la 17/437 roll 68 audit 16/17 la_ms p99 0
seed 5 turn  66500    14562s  turn p50  77.82 ms p99  764.8  dec p50 0.741 p99 3.06 ms  alive 5 (min 5)  pop 216  state 177 KB  mem 47.9 MB  vetoes 0.55/100  replay 747/747  share 8.638  la 25/738 roll 112 audit 19/23 la_ms p99 0
seed 5 turn  67000    14629s  turn p50  77.20 ms p99 1080.5  dec p50 0.747 p99 2.99 ms  alive 5 (min 5)  pop 199  state 177 KB  mem 47.9 MB  vetoes 0.57/100  replay 758/758  share 8.174  la 52/1220 roll 254 audit 40/49 la_ms p99 0
seed 5 turn  67500    14684s  turn p50  77.29 ms p99  911.5  dec p50 0.754 p99 3.01 ms  alive 5 (min 5)  pop 221  state 177 KB  mem 47.9 MB  vetoes 0.49/100  replay 731/731  share 9.275  la 30/858 roll 140 audit 25/30 la_ms p99 0
seed 5 turn  68000    14738s  turn p50  78.25 ms p99  621.7  dec p50 0.744 p99 3.02 ms  alive 5 (min 5)  pop 231  state 177 KB  mem 47.9 MB  vetoes 0.5/100  replay 747/747  share 9.277  la 27/738 roll 120 audit 22/27 la_ms p99 0
seed 5 turn  68500    14791s  turn p50  77.31 ms p99  843.6  dec p50 0.742 p99 3.00 ms  alive 5 (min 5)  pop 232  state 177 KB  mem 47.9 MB  vetoes 0.55/100  replay 754/754  share 9.179  la 27/821 roll 126 audit 23/27 la_ms p99 0
seed 5 turn  69000    14843s  turn p50  77.72 ms p99  629.2  dec p50 0.748 p99 3.10 ms  alive 5 (min 5)  pop 220  state 177 KB  mem 47.9 MB  vetoes 0.44/100  replay 705/705  share 10.506  la 24/612 roll 104 audit 21/24 la_ms p99 0
seed 5 turn  69500    14896s  turn p50  79.65 ms p99  674.3  dec p50 0.756 p99 3.19 ms  alive 5 (min 5)  pop 231  state 178 KB  mem 47.9 MB  vetoes 0.51/100  replay 750/750  share 9.137  la 23/817 roll 106 audit 19/23 la_ms p99 0
seed 5 turn  70000    14954s  turn p50  77.57 ms p99  672.8  dec p50 0.742 p99 3.01 ms  alive 5 (min 5)  pop 226  state 177 KB  mem 48.1 MB  vetoes 0.58/100  replay 754/754  share 9.204  la 29/882 roll 134 audit 25/29 la_ms p99 0
seed 5 turn  70500    15042s  turn p50  80.63 ms p99 1215.2  dec p50 0.741 p99 2.96 ms  alive 5 (min 4)  pop 240  state 180 KB  mem 48.2 MB  vetoes 1.0/100  replay 659/659  share 6.983  la 82/1549 roll 420 audit 33/40 la_ms p99 0
seed 5 turn  71000    15179s  turn p50  71.34 ms p99 1219.5  dec p50 0.808 p99 3.04 ms  alive 5 (min 5)  pop 211  state 180 KB  mem 48.2 MB  vetoes 2.19/100  replay 605/605  share 8.967  la 180/3926 roll 962 audit 71/76 la_ms p99 428
seed 5 turn  71500    15446s  turn p50 463.53 ms p99 1566.6  dec p50 0.797 p99 2.94 ms  alive 5 (min 5)  pop 212  state 181 KB  mem 48.7 MB  vetoes 7.12/100  replay 669/669  share 1.98  la 264/7712 roll 1438 audit 9/18 la_ms p99 967
seed 5 turn  72000    15693s  turn p50 407.01 ms p99 1557.4  dec p50 0.795 p99 3.03 ms  alive 5 (min 5)  pop 230  state 181 KB  mem 48.7 MB  vetoes 6.14/100  replay 691/691  share 1.925  la 257/5890 roll 1410 audit 7/14 la_ms p99 892
seed 5 turn  72500    15954s  turn p50 122.77 ms p99 1554.9  dec p50 0.795 p99 2.83 ms  alive 5 (min 5)  pop 221  state 180 KB  mem 48.7 MB  vetoes 6.36/100  replay 749/749  share 1.176  la 244/6984 roll 1366 audit 7/12 la_ms p99 1048
seed 5 turn  73000    16224s  turn p50 119.58 ms p99 1622.3  dec p50 0.780 p99 2.63 ms  alive 5 (min 5)  pop 233  state 182 KB  mem 48.7 MB  vetoes 6.34/100  replay 750/750  share 2.667  la 247/7865 roll 1348 audit 7/11 la_ms p99 983
seed 5 turn  73500    16484s  turn p50 173.91 ms p99 1607.9  dec p50 0.749 p99 3.13 ms  alive 5 (min 5)  pop 202  state 181 KB  mem 48.8 MB  vetoes 6.67/100  replay 745/745  share 5.398  la 250/5845 roll 1364 audit 9/13 la_ms p99 1049
seed 5: paused at turn 74000 (wall limit 2700.0 s); checkpoint /content/r/out/ckpt_5.json
