seed 5: resumed at turn 30500 from /content/r/out/ckpt_5.json
seed 5 turn  31000     8465s  turn p50 115.60 ms p99 1681.5  dec p50 1.108 p99 3.13 ms  alive 5 (min 5)  pop 205  state 177 KB  mem 46.1 MB  vetoes 1.86/100  replay 756/756  share 7.434  la 87/4109 roll 498 audit 83/85 la_ms p99 0
seed 5 turn  31500     8572s  turn p50 120.63 ms p99  975.6  dec p50 1.160 p99 3.22 ms  alive 5 (min 5)  pop 210  state 177 KB  mem 46.0 MB  vetoes 2.06/100  replay 717/717  share 7.294  la 90/4901 roll 526 audit 89/90 la_ms p99 0
seed 5 turn  32000     8694s  turn p50 118.95 ms p99 1610.2  dec p50 1.165 p99 3.22 ms  alive 5 (min 5)  pop 210  state 177 KB  mem 46.3 MB  vetoes 2.09/100  replay 716/716  share 7.184  la 100/4640 roll 572 audit 99/100 la_ms p99 0
seed 5 turn  32500     8817s  turn p50 115.65 ms p99 1793.3  dec p50 1.133 p99 3.20 ms  alive 5 (min 5)  pop 209  state 178 KB  mem 46.1 MB  vetoes 2.15/100  replay 679/679  share 7.255  la 83/2973 roll 460 audit 79/83 la_ms p99 0
seed 5 turn  33000     8938s  turn p50 114.28 ms p99 1686.4  dec p50 1.094 p99 3.13 ms  alive 5 (min 5)  pop 213  state 177 KB  mem 46.1 MB  vetoes 1.78/100  replay 716/716  share 7.301  la 76/2351 roll 408 audit 68/75 la_ms p99 0
seed 5 turn  33500     9042s  turn p50 115.26 ms p99 1869.9  dec p50 1.090 p99 3.18 ms  alive 5 (min 5)  pop 208  state 177 KB  mem 46.5 MB  vetoes 1.0/100  replay 738/738  share 7.107  la 54/1437 roll 266 audit 45/52 la_ms p99 0
seed 5 turn  34000     9135s  turn p50 118.69 ms p99 1302.7  dec p50 1.097 p99 3.21 ms  alive 5 (min 5)  pop 198  state 177 KB  mem 46.4 MB  vetoes 0.76/100  replay 747/747  share 7.621  la 42/1037 roll 194 audit 31/40 la_ms p99 0
seed 5 turn  34500     9212s  turn p50 118.59 ms p99 1066.9  dec p50 1.087 p99 3.16 ms  alive 5 (min 5)  pop 203  state 177 KB  mem 46.6 MB  vetoes 0.62/100  replay 772/772  share 7.588  la 17/664 roll 76 audit 14/17 la_ms p99 0
seed 5 turn  35000     9295s  turn p50 116.34 ms p99  987.9  dec p50 1.088 p99 3.23 ms  alive 5 (min 5)  pop 204  state 177 KB  mem 48.2 MB  vetoes 0.7/100  replay 789/789  share 7.51  la 15/604 roll 66 audit 13/14 la_ms p99 0
seed 5 turn  35500     9377s  turn p50 116.23 ms p99  918.3  dec p50 1.102 p99 3.21 ms  alive 5 (min 4)  pop 201  state 177 KB  mem 48.2 MB  vetoes 0.84/100  replay 731/731  share 6.528  la 31/1014 roll 142 audit 24/28 la_ms p99 0
seed 5 turn  36000     9462s  turn p50 114.35 ms p99 1317.1  dec p50 1.106 p99 3.21 ms  alive 5 (min 5)  pop 196  state 176 KB  mem 48.3 MB  vetoes 0.81/100  replay 715/715  share 7.071  la 31/836 roll 136 audit 26/31 la_ms p99 0
seed 5 turn  36500     9557s  turn p50 116.78 ms p99 1518.6  dec p50 1.121 p99 3.26 ms  alive 5 (min 5)  pop 203  state 177 KB  mem 48.3 MB  vetoes 0.79/100  replay 752/752  share 6.808  la 45/1215 roll 220 audit 32/42 la_ms p99 0
seed 5 turn  37000     9673s  turn p50 116.03 ms p99 1470.1  dec p50 1.138 p99 3.24 ms  alive 5 (min 5)  pop 207  state 176 KB  mem 48.3 MB  vetoes 1.11/100  replay 682/682  share 9.735  la 69/1542 roll 342 audit 34/40 la_ms p99 0
seed 5 turn  37500     9760s  turn p50 111.32 ms p99 1097.2  dec p50 1.114 p99 3.23 ms  alive 5 (min 5)  pop 198  state 176 KB  mem 48.3 MB  vetoes 1.0/100  replay 690/690  share 10.526  la 38/953 roll 178 audit 26/35 la_ms p99 0
seed 5 turn  38000     9848s  turn p50 113.00 ms p99 1169.0  dec p50 1.091 p99 3.21 ms  alive 5 (min 5)  pop 200  state 176 KB  mem 48.3 MB  vetoes 1.03/100  replay 790/790  share 9.728  la 31/671 roll 156 audit 16/18 la_ms p99 0
seed 5 turn  38500     9927s  turn p50 112.09 ms p99 1099.0  dec p50 1.098 p99 3.20 ms  alive 5 (min 5)  pop 189  state 176 KB  mem 48.3 MB  vetoes 0.9/100  replay 745/745  share 9.185  la 26/723 roll 108 audit 21/26 la_ms p99 0
seed 5 turn  39000    10047s  turn p50 116.81 ms p99 1889.5  dec p50 1.127 p99 3.31 ms  alive 5 (min 5)  pop 211  state 176 KB  mem 48.3 MB  vetoes 0.89/100  replay 702/702  share 8.989  la 84/966 roll 366 audit 31/34 la_ms p99 0
seed 5 turn  39500    10146s  turn p50 113.21 ms p99 1831.4  dec p50 1.097 p99 3.22 ms  alive 5 (min 5)  pop 209  state 176 KB  mem 48.3 MB  vetoes 1.04/100  replay 754/754  share 9.045  la 50/984 roll 230 audit 30/31 la_ms p99 0
seed 5 turn  40000    10239s  turn p50 111.90 ms p99 1814.6  dec p50 1.115 p99 3.24 ms  alive 5 (min 5)  pop 208  state 177 KB  mem 48.9 MB  vetoes 1.42/100  replay 728/728  share 9.302  la 31/1050 roll 162 audit 27/28 la_ms p99 0
seed 5 turn  40500    10382s  turn p50 112.22 ms p99 2152.5  dec p50 1.138 p99 3.28 ms  alive 5 (min 5)  pop 211  state 177 KB  mem 48.2 MB  vetoes 2.91/100  replay 665/665  share 9.136  la 100/2492 roll 552 audit 78/83 la_ms p99 0
seed 5 turn  41000    10518s  turn p50 112.94 ms p99 1950.5  dec p50 1.100 p99 3.18 ms  alive 5 (min 5)  pop 214  state 178 KB  mem 48.3 MB  vetoes 3.3/100  replay 682/682  share 9.124  la 93/2090 roll 498 audit 70/72 la_ms p99 0
seed 5 turn  41500    10613s  turn p50 115.10 ms p99 1188.4  dec p50 1.112 p99 3.28 ms  alive 5 (min 5)  pop 209  state 176 KB  mem 48.3 MB  vetoes 2.05/100  replay 774/774  share 9.195  la 43/1281 roll 222 audit 38/41 la_ms p99 0
seed 5 turn  42000    10691s  turn p50 113.28 ms p99 1088.1  dec p50 1.097 p99 3.20 ms  alive 5 (min 5)  pop 204  state 176 KB  mem 48.4 MB  vetoes 0.98/100  replay 748/748  share 8.818  la 25/625 roll 102 audit 19/24 la_ms p99 0
seed 5 turn  42500    10803s  turn p50 111.09 ms p99 2028.1  dec p50 1.141 p99 3.27 ms  alive 5 (min 5)  pop 215  state 177 KB  mem 48.4 MB  vetoes 2.2/100  replay 730/730  share 9.022  la 62/1940 roll 342 audit 58/62 la_ms p99 0
seed 5 turn  43000    10936s  turn p50 115.56 ms p99 2035.8  dec p50 1.120 p99 3.24 ms  alive 5 (min 5)  pop 214  state 178 KB  mem 48.4 MB  vetoes 2.67/100  replay 750/750  share 9.124  la 86/2282 roll 456 audit 68/76 la_ms p99 0
seed 5 turn  43500    11047s  turn p50 116.11 ms p99 2053.1  dec p50 1.124 p99 3.22 ms  alive 5 (min 5)  pop 211  state 176 KB  mem 48.4 MB  vetoes 2.13/100  replay 694/694  share 9.442  la 59/1801 roll 330 audit 48/56 la_ms p99 0
seed 5: paused at turn 44000 (wall limit 2700.0 s); checkpoint /content/r/out/ckpt_5.json
