seed 5: resumed at turn 78000 from /content/r/out/ckpt_5.json
seed 5 turn  78500    19979s  turn p50 498.18 ms p99 2292.5  dec p50 1.199 p99 3.39 ms  alive 5 (min 5)  pop 236  state 181 KB  mem 46.9 MB  vetoes 6.55/100  replay 683/683  share 15.877  la 253/6661 roll 1414 audit 4/12 la_ms p99 1139
seed 5 turn  79000    20165s  turn p50  97.22 ms p99 1616.8  dec p50 1.534 p99 3.64 ms  alive 5 (min 5)  pop 243  state 177 KB  mem 47.1 MB  vetoes 3.2/100  replay 510/510  share 18.373  la 167/2692 roll 910 audit 11/18 la_ms p99 391
seed 5 turn  79500    20223s  turn p50  77.19 ms p99  753.8  dec p50 1.634 p99 3.73 ms  alive 5 (min 5)  pop 222  state 177 KB  mem 47.1 MB  vetoes 0.38/100  replay 436/436  share 17.684  la 31/453 roll 124 audit 11/11 la_ms p99 0
seed 5 turn  80000    20295s  turn p50  78.37 ms p99 1019.7  dec p50 1.618 p99 3.69 ms  alive 5 (min 5)  pop 241  state 177 KB  mem 48.3 MB  vetoes 0.36/100  replay 461/461  share 17.867  la 52/584 roll 224 audit 16/19 la_ms p99 0
seed 5 turn  80500    20348s  turn p50  81.51 ms p99  755.0  dec p50 1.641 p99 3.76 ms  alive 5 (min 5)  pop 246  state 177 KB  mem 46.8 MB  vetoes 0.35/100  replay 474/474  share 18.2  la 19/520 roll 76 audit 13/14 la_ms p99 0
seed 5 turn  81000    20405s  turn p50  77.62 ms p99  853.9  dec p50 1.644 p99 3.87 ms  alive 5 (min 5)  pop 237  state 177 KB  mem 47.0 MB  vetoes 0.36/100  replay 488/488  share 17.966  la 21/485 roll 96 audit 14/15 la_ms p99 0
seed 5 turn  81500    20455s  turn p50  76.06 ms p99  598.5  dec p50 1.637 p99 3.80 ms  alive 5 (min 5)  pop 247  state 177 KB  mem 47.1 MB  vetoes 0.37/100  replay 501/501  share 19.034  la 14/424 roll 56 audit 14/14 la_ms p99 0
seed 5 turn  82000    20512s  turn p50  77.97 ms p99  644.6  dec p50 1.657 p99 4.03 ms  alive 5 (min 5)  pop 241  state 177 KB  mem 47.1 MB  vetoes 0.35/100  replay 447/447  share 18.621  la 25/425 roll 100 audit 25/25 la_ms p99 0
seed 5 turn  82500    20562s  turn p50  74.12 ms p99  605.1  dec p50 1.632 p99 3.72 ms  alive 5 (min 5)  pop 243  state 177 KB  mem 47.2 MB  vetoes 0.35/100  replay 470/470  share 18.373  la 15/424 roll 60 audit 15/15 la_ms p99 0
seed 5 turn  83000    20612s  turn p50  73.77 ms p99  598.6  dec p50 1.627 p99 3.64 ms  alive 5 (min 5)  pop 220  state 177 KB  mem 47.2 MB  vetoes 0.36/100  replay 453/453  share 18.741  la 14/425 roll 56 audit 14/14 la_ms p99 0
seed 5 turn  83500    20664s  turn p50  73.81 ms p99  815.5  dec p50 1.618 p99 3.62 ms  alive 5 (min 5)  pop 242  state 177 KB  mem 47.2 MB  vetoes 0.37/100  replay 446/446  share 19.088  la 19/465 roll 90 audit 11/12 la_ms p99 0
seed 5 turn  84000    20716s  turn p50  74.16 ms p99  869.6  dec p50 1.626 p99 3.48 ms  alive 5 (min 5)  pop 256  state 177 KB  mem 47.2 MB  vetoes 0.36/100  replay 484/484  share 19.254  la 19/424 roll 76 audit 19/19 la_ms p99 0
seed 5 turn  84500    20772s  turn p50  75.44 ms p99  830.0  dec p50 1.619 p99 3.43 ms  alive 5 (min 5)  pop 245  state 177 KB  mem 47.2 MB  vetoes 0.42/100  replay 512/512  share 20.593  la 25/522 roll 122 audit 15/18 la_ms p99 0
seed 5 turn  85000    20828s  turn p50  76.18 ms p99  620.5  dec p50 1.630 p99 3.58 ms  alive 5 (min 5)  pop 244  state 178 KB  mem 48.6 MB  vetoes 0.38/100  replay 445/445  share 19.228  la 18/424 roll 72 audit 18/18 la_ms p99 0
seed 5 turn  85500    20884s  turn p50  76.98 ms p99  760.0  dec p50 1.619 p99 3.53 ms  alive 5 (min 5)  pop 248  state 177 KB  mem 48.6 MB  vetoes 0.37/100  replay 458/458  share 19.103  la 30/542 roll 130 audit 14/15 la_ms p99 0
seed 5 turn  86000    20945s  turn p50  78.41 ms p99  928.5  dec p50 1.613 p99 3.58 ms  alive 5 (min 5)  pop 247  state 177 KB  mem 48.6 MB  vetoes 0.41/100  replay 443/443  share 19.034  la 37/647 roll 162 audit 22/28 la_ms p99 0
seed 5 turn  86500    21009s  turn p50  79.13 ms p99  904.4  dec p50 1.625 p99 4.12 ms  alive 5 (min 5)  pop 253  state 177 KB  mem 48.6 MB  vetoes 0.37/100  replay 461/461  share 19.86  la 34/608 roll 164 audit 14/17 la_ms p99 0
seed 5 turn  87000    21073s  turn p50  88.98 ms p99  808.7  dec p50 1.674 p99 4.72 ms  alive 5 (min 5)  pop 217  state 177 KB  mem 48.6 MB  vetoes 0.36/100  replay 477/477  share 23.636  la 28/528 roll 118 audit 23/24 la_ms p99 1
seed 5 turn  87500    21130s  turn p50  78.65 ms p99  757.6  dec p50 1.636 p99 3.97 ms  alive 5 (min 5)  pop 250  state 177 KB  mem 48.6 MB  vetoes 0.36/100  replay 476/476  share 19.241  la 26/574 roll 116 audit 21/22 la_ms p99 0
seed 5 turn  88000    21180s  turn p50  75.44 ms p99  649.7  dec p50 1.624 p99 3.56 ms  alive 5 (min 5)  pop 247  state 177 KB  mem 48.6 MB  vetoes 0.35/100  replay 492/492  share 20.741  la 15/425 roll 60 audit 15/15 la_ms p99 0
seed 5 turn  88500    21231s  turn p50  77.08 ms p99  582.8  dec p50 1.620 p99 3.78 ms  alive 5 (min 5)  pop 251  state 177 KB  mem 48.6 MB  vetoes 0.35/100  replay 488/488  share 18.915  la 17/424 roll 68 audit 17/17 la_ms p99 0
seed 5 turn  89000    21283s  turn p50  78.66 ms p99  656.8  dec p50 1.625 p99 3.76 ms  alive 5 (min 5)  pop 243  state 177 KB  mem 48.6 MB  vetoes 0.34/100  replay 515/515  share 18.2  la 15/429 roll 66 audit 11/11 la_ms p99 0
seed 5 turn  89500    21334s  turn p50  77.45 ms p99  639.3  dec p50 1.624 p99 3.63 ms  alive 5 (min 5)  pop 247  state 177 KB  mem 48.6 MB  vetoes 0.34/100  replay 453/453  share 18.467  la 15/425 roll 60 audit 15/15 la_ms p99 0
seed 5 turn  90000    21389s  turn p50  77.67 ms p99  596.7  dec p50 1.615 p99 3.51 ms  alive 5 (min 5)  pop 245  state 177 KB  mem 48.6 MB  vetoes 0.35/100  replay 489/489  share 19.103  la 17/424 roll 68 audit 17/17 la_ms p99 0
seed 5 turn  90500    21439s  turn p50  76.68 ms p99  606.9  dec p50 1.614 p99 3.49 ms  alive 5 (min 5)  pop 247  state 178 KB  mem 48.6 MB  vetoes 0.36/100  replay 494/494  share 19.649  la 14/425 roll 56 audit 14/14 la_ms p99 0
seed 5 turn  91000    21494s  turn p50  77.48 ms p99 1033.8  dec p50 1.609 p99 3.49 ms  alive 5 (min 5)  pop 250  state 178 KB  mem 48.6 MB  vetoes 0.34/100  replay 497/497  share 18.667  la 24/430 roll 96 audit 23/23 la_ms p99 0
seed 5 turn  91500    21551s  turn p50  77.96 ms p99  672.8  dec p50 1.605 p99 3.50 ms  alive 5 (min 5)  pop 249  state 177 KB  mem 48.6 MB  vetoes 0.36/100  replay 490/490  share 19.379  la 25/424 roll 100 audit 25/25 la_ms p99 0
seed 5 turn  92000    21616s  turn p50  78.76 ms p99 1262.0  dec p50 1.595 p99 3.40 ms  alive 5 (min 5)  pop 256  state 177 KB  mem 48.6 MB  vetoes 0.39/100  replay 493/493  share 20.281  la 39/660 roll 184 audit 20/22 la_ms p99 0
seed 5 turn  92500    21673s  turn p50  77.04 ms p99  844.6  dec p50 1.609 p99 3.56 ms  alive 5 (min 5)  pop 258  state 177 KB  mem 48.6 MB  vetoes 0.35/100  replay 518/518  share 20.421  la 26/636 roll 118 audit 9/12 la_ms p99 0
seed 5 turn  93000    21732s  turn p50  73.94 ms p99  903.3  dec p50 1.603 p99 3.43 ms  alive 5 (min 5)  pop 257  state 177 KB  mem 48.6 MB  vetoes 0.35/100  replay 486/486  share 19.525  la 27/672 roll 126 audit 19/21 la_ms p99 0
seed 5 turn  93500    21793s  turn p50  75.47 ms p99  983.7  dec p50 1.604 p99 3.47 ms  alive 5 (min 5)  pop 249  state 177 KB  mem 48.6 MB  vetoes 0.37/100  replay 509/509  share 18.6  la 33/702 roll 146 audit 24/32 la_ms p99 0
seed 5 turn  94000    21850s  turn p50  73.20 ms p99  793.9  dec p50 1.607 p99 3.45 ms  alive 5 (min 5)  pop 257  state 177 KB  mem 48.6 MB  vetoes 0.35/100  replay 480/480  share 19.133  la 28/494 roll 122 audit 25/26 la_ms p99 0
seed 5 turn  94500    21908s  turn p50  77.64 ms p99  765.2  dec p50 1.612 p99 3.57 ms  alive 5 (min 5)  pop 257  state 177 KB  mem 48.6 MB  vetoes 0.35/100  replay 429/429  share 19.133  la 28/495 roll 120 audit 25/26 la_ms p99 0
seed 5 turn  95000    21966s  turn p50  73.72 ms p99  780.8  dec p50 1.610 p99 3.49 ms  alive 5 (min 5)  pop 259  state 177 KB  mem 48.7 MB  vetoes 0.35/100  replay 434/434  share 19.267  la 24/424 roll 96 audit 24/24 la_ms p99 0
seed 5 turn  95500    22024s  turn p50  73.51 ms p99 1016.6  dec p50 1.605 p99 3.47 ms  alive 5 (min 5)  pop 252  state 177 KB  mem 48.7 MB  vetoes 0.36/100  replay 523/523  share 18.8  la 26/649 roll 118 audit 21/26 la_ms p99 0
seed 5 turn  96000    22087s  turn p50  73.87 ms p99  931.4  dec p50 1.598 p99 3.39 ms  alive 5 (min 5)  pop 258  state 177 KB  mem 48.7 MB  vetoes 0.36/100  replay 496/496  share 20.857  la 37/639 roll 160 audit 30/34 la_ms p99 0
seed 5 turn  96500    22139s  turn p50  73.82 ms p99  577.9  dec p50 1.605 p99 3.53 ms  alive 5 (min 5)  pop 255  state 177 KB  mem 48.7 MB  vetoes 0.34/100  replay 457/457  share 19.793  la 19/424 roll 76 audit 19/19 la_ms p99 0
seed 5 turn  97000    22199s  turn p50  74.67 ms p99  930.7  dec p50 1.595 p99 3.39 ms  alive 5 (min 5)  pop 255  state 177 KB  mem 48.7 MB  vetoes 0.38/100  replay 537/537  share 19.39  la 27/797 roll 130 audit 20/24 la_ms p99 0
seed 5 turn  97500    22249s  turn p50  75.18 ms p99  557.9  dec p50 1.606 p99 3.46 ms  alive 5 (min 5)  pop 261  state 177 KB  mem 48.7 MB  vetoes 0.34/100  replay 498/498  share 19.4  la 15/642 roll 62 audit 11/15 la_ms p99 0
seed 5 turn  98000    22308s  turn p50  75.89 ms p99  881.0  dec p50 1.604 p99 3.44 ms  alive 5 (min 5)  pop 249  state 177 KB  mem 48.7 MB  vetoes 0.36/100  replay 489/489  share 20.214  la 28/790 roll 120 audit 22/28 la_ms p99 0
seed 5: paused at turn 98500 (wall limit 2700.0 s); checkpoint /content/r/out/ckpt_5.json
