seed 5: resumed at turn 18000 from /content/r/out/ckpt_5.json
seed 5 turn  18500     5691s  turn p50  99.41 ms p99 1973.1  dec p50 1.102 p99 3.22 ms  alive 5 (min 5)  pop 207  state 177 KB  mem 45.4 MB  vetoes 3.21/100  replay 623/623  share 15.322  la 130/4065 roll 740 audit 122/124 la_ms p99 0
seed 5 turn  19000     5824s  turn p50 105.70 ms p99 1724.1  dec p50 1.135 p99 3.52 ms  alive 5 (min 5)  pop 203  state 178 KB  mem 45.8 MB  vetoes 2.63/100  replay 660/660  share 15.051  la 101/2904 roll 548 audit 86/88 la_ms p99 0
seed 5 turn  19500     5958s  turn p50 100.50 ms p99 1917.8  dec p50 1.085 p99 3.21 ms  alive 5 (min 5)  pop 206  state 177 KB  mem 45.9 MB  vetoes 2.98/100  replay 625/625  share 15.254  la 108/3582 roll 604 audit 98/99 la_ms p99 0
seed 5 turn  20000     6078s  turn p50 103.19 ms p99 1713.0  dec p50 1.101 p99 3.42 ms  alive 5 (min 5)  pop 205  state 178 KB  mem 48.2 MB  vetoes 2.61/100  replay 624/624  share 15.86  la 73/2855 roll 418 audit 72/72 la_ms p99 0
seed 5 turn  20500     6195s  turn p50 101.42 ms p99 2029.8  dec p50 1.088 p99 3.26 ms  alive 5 (min 5)  pop 209  state 178 KB  mem 48.2 MB  vetoes 2.61/100  replay 663/663  share 14.516  la 81/2864 roll 466 audit 79/79 la_ms p99 0
seed 5 turn  21000     6313s  turn p50 100.98 ms p99 1699.2  dec p50 1.089 p99 3.24 ms  alive 5 (min 5)  pop 199  state 178 KB  mem 48.2 MB  vetoes 2.62/100  replay 610/610  share 14.78  la 84/3021 roll 480 audit 83/83 la_ms p99 0
seed 5 turn  21500     6441s  turn p50 101.12 ms p99 1780.7  dec p50 1.077 p99 3.27 ms  alive 5 (min 5)  pop 205  state 178 KB  mem 48.2 MB  vetoes 2.53/100  replay 663/663  share 14.557  la 93/3009 roll 536 audit 93/93 la_ms p99 0
seed 5 turn  22000     6570s  turn p50 101.69 ms p99 1968.1  dec p50 1.097 p99 3.28 ms  alive 5 (min 5)  pop 208  state 178 KB  mem 48.2 MB  vetoes 2.57/100  replay 632/632  share 14.159  la 100/2846 roll 550 audit 90/93 la_ms p99 0
seed 5 turn  22500     6696s  turn p50 103.31 ms p99 1972.5  dec p50 1.080 p99 3.22 ms  alive 5 (min 5)  pop 208  state 178 KB  mem 48.2 MB  vetoes 2.47/100  replay 671/671  share 14.754  la 94/2464 roll 504 audit 79/81 la_ms p99 0
seed 5 turn  23000     6858s  turn p50  98.86 ms p99 2058.5  dec p50 1.111 p99 3.31 ms  alive 5 (min 5)  pop 208  state 176 KB  mem 48.2 MB  vetoes 3.68/100  replay 611/611  share 14.452  la 154/4880 roll 880 audit 144/146 la_ms p99 0
seed 5 turn  23500     6985s  turn p50 104.82 ms p99 2156.4  dec p50 1.121 p99 3.66 ms  alive 5 (min 5)  pop 201  state 177 KB  mem 48.2 MB  vetoes 2.57/100  replay 668/668  share 13.438  la 86/2617 roll 492 audit 83/86 la_ms p99 0
seed 5 turn  24000     7085s  turn p50 132.16 ms p99 2184.6  dec p50 1.352 p99 5.08 ms  alive 5 (min 5)  pop 201  state 176 KB  mem 48.2 MB  vetoes 1.87/100  replay 722/722  share 14.295  la 32/957 roll 160 audit 29/30 la_ms p99 1
seed 5 turn  24500     7194s  turn p50 126.58 ms p99 1981.4  dec p50 1.313 p99 4.95 ms  alive 5 (min 5)  pop 209  state 176 KB  mem 48.2 MB  vetoes 1.99/100  replay 712/712  share 14.222  la 46/1006 roll 228 audit 39/40 la_ms p99 1
seed 5 turn  25000     7295s  turn p50 125.38 ms p99 1632.5  dec p50 1.299 p99 4.91 ms  alive 5 (min 5)  pop 205  state 175 KB  mem 48.2 MB  vetoes 1.82/100  replay 744/744  share 15.517  la 35/777 roll 164 audit 35/35 la_ms p99 1
seed 5 turn  25500     7390s  turn p50 123.74 ms p99 1801.3  dec p50 1.265 p99 4.56 ms  alive 5 (min 5)  pop 202  state 176 KB  mem 48.2 MB  vetoes 1.89/100  replay 693/693  share 15.31  la 34/927 roll 174 audit 32/34 la_ms p99 0
seed 5 turn  26000     7482s  turn p50 125.73 ms p99 1610.0  dec p50 1.274 p99 4.83 ms  alive 5 (min 5)  pop 207  state 175 KB  mem 48.2 MB  vetoes 1.87/100  replay 735/735  share 14.387  la 29/632 roll 134 audit 26/26 la_ms p99 1
seed 5 turn  26500     7569s  turn p50 131.14 ms p99  986.3  dec p50 1.335 p99 5.37 ms  alive 5 (min 5)  pop 206  state 176 KB  mem 48.2 MB  vetoes 1.9/100  replay 745/745  share 14.323  la 20/542 roll 88 audit 18/18 la_ms p99 1
seed 5 turn  27000     7670s  turn p50 139.48 ms p99 1517.8  dec p50 1.395 p99 5.74 ms  alive 5 (min 5)  pop 208  state 176 KB  mem 48.2 MB  vetoes 2.19/100  replay 693/693  share 13.875  la 29/809 roll 140 audit 29/29 la_ms p99 1
seed 5 turn  27500     7773s  turn p50 126.00 ms p99 1994.8  dec p50 1.276 p99 4.69 ms  alive 5 (min 5)  pop 210  state 175 KB  mem 48.2 MB  vetoes 2.26/100  replay 634/634  share 14.0  la 46/1159 roll 236 audit 42/44 la_ms p99 1
seed 5 turn  28000     7860s  turn p50 120.73 ms p99 1053.2  dec p50 1.227 p99 4.79 ms  alive 5 (min 5)  pop 205  state 176 KB  mem 48.2 MB  vetoes 2.06/100  replay 677/677  share 14.258  la 28/679 roll 130 audit 28/28 la_ms p99 0
seed 5 turn  28500     7943s  turn p50 105.28 ms p99 1825.6  dec p50 1.068 p99 3.57 ms  alive 5 (min 5)  pop 193  state 176 KB  mem 48.2 MB  vetoes 2.3/100  replay 714/714  share 14.373  la 35/1183 roll 182 audit 33/33 la_ms p99 0
seed 5 turn  29000     8043s  turn p50 107.10 ms p99 1729.4  dec p50 1.109 p99 3.71 ms  alive 5 (min 5)  pop 213  state 175 KB  mem 48.2 MB  vetoes 2.29/100  replay 596/596  share 13.373  la 55/1457 roll 298 audit 51/53 la_ms p99 0
seed 5 turn  29500     8122s  turn p50 110.91 ms p99 1142.5  dec p50 1.104 p99 3.88 ms  alive 5 (min 5)  pop 212  state 176 KB  mem 48.2 MB  vetoes 2.38/100  replay 731/731  share 13.846  la 25/750 roll 122 audit 17/20 la_ms p99 0
seed 5 turn  30000     8206s  turn p50 107.66 ms p99 1377.0  dec p50 1.064 p99 3.72 ms  alive 5 (min 5)  pop 214  state 176 KB  mem 48.4 MB  vetoes 2.49/100  replay 737/737  share 14.25  la 26/732 roll 124 audit 17/22 la_ms p99 0
seed 5: paused at turn 30500 (wall limit 2700.0 s); checkpoint /content/r/out/ckpt_5.json
