seed 4 turn    500      100s  turn p50  64.39 ms p99 1317.9  dec p50 1.749 p99 6.47 ms  alive 4 (min 4)  pop 78  state 160 KB  mem 3.8 MB  vetoes 2.6/100  replay 225/225  share 1.387  la 203/483 roll 1046 audit 6/7 la_ms p99 495
seed 4 turn   1000      188s  turn p50  59.99 ms p99 1558.6  dec p50 1.754 p99 3.27 ms  alive 4 (min 4)  pop 89  state 165 KB  mem 4.1 MB  vetoes 1.72/100  replay 275/275  share 1.627  la 127/672 roll 650 audit 7/9 la_ms p99 512
seed 4 turn   1500      310s  turn p50  69.02 ms p99 1873.2  dec p50 1.917 p99 4.91 ms  alive 4 (min 4)  pop 99  state 166 KB  mem 4.4 MB  vetoes 1.79/100  replay 343/343  share 2.288  la 128/1099 roll 670 audit 20/23 la_ms p99 743
seed 4 turn   2000      463s  turn p50  85.55 ms p99 1889.1  dec p50 1.731 p99 3.15 ms  alive 4 (min 4)  pop 99  state 170 KB  mem 4.6 MB  vetoes 1.29/100  replay 405/405  share 2.354  la 165/2333 roll 922 audit 69/73 la_ms p99 794
seed 4 turn   2500      624s  turn p50  90.38 ms p99 1965.6  dec p50 1.723 p99 3.43 ms  alive 5 (min 4)  pop 106  state 172 KB  mem 4.9 MB  vetoes 1.27/100  replay 397/397  share 5.477  la 177/2226 roll 916 audit 68/78 la_ms p99 753
seed 4 turn   3000      764s  turn p50  85.98 ms p99 1799.9  dec p50 1.843 p99 4.23 ms  alive 5 (min 5)  pop 120  state 173 KB  mem 5.1 MB  vetoes 1.97/100  replay 364/364  share 13.538  la 144/2030 roll 744 audit 69/71 la_ms p99 573
seed 4 turn   3500      811s  turn p50  74.77 ms p99  654.6  dec p50 2.231 p99 4.36 ms  alive 5 (min 5)  pop 114  state 171 KB  mem 4.9 MB  vetoes 1.06/100  replay 332/332  share 13.368  la 11/424 roll 44 audit 11/11 la_ms p99 0
seed 4 turn   4000      861s  turn p50  71.65 ms p99  595.6  dec p50 2.137 p99 4.46 ms  alive 5 (min 5)  pop 111  state 170 KB  mem 5.0 MB  vetoes 1.58/100  replay 348/348  share 11.429  la 22/430 roll 88 audit 16/16 la_ms p99 0
seed 4 turn   4500      954s  turn p50  72.92 ms p99 1910.9  dec p50 2.090 p99 4.17 ms  alive 5 (min 5)  pop 121  state 171 KB  mem 5.2 MB  vetoes 1.57/100  replay 385/385  share 12.78  la 59/1632 roll 304 audit 46/50 la_ms p99 0
seed 4 turn   5000     1142s  turn p50 103.43 ms p99 2335.2  dec p50 1.988 p99 4.78 ms  alive 5 (min 5)  pop 121  state 173 KB  mem 5.8 MB  vetoes 1.67/100  replay 414/414  share 13.2  la 149/3871 roll 768 audit 104/109 la_ms p99 644
seed 4 turn   5500     1204s  turn p50  70.17 ms p99 1315.1  dec p50 1.988 p99 3.38 ms  alive 5 (min 5)  pop 123  state 171 KB  mem 5.2 MB  vetoes 1.47/100  replay 338/338  share 12.976  la 32/797 roll 140 audit 29/30 la_ms p99 0
seed 4 turn   6000     1288s  turn p50  74.63 ms p99 1623.0  dec p50 1.983 p99 3.49 ms  alive 5 (min 5)  pop 124  state 171 KB  mem 5.2 MB  vetoes 2.09/100  replay 378/378  share 13.073  la 61/1826 roll 332 audit 53/53 la_ms p99 0
seed 4 turn   6500     1335s  turn p50  67.96 ms p99  690.3  dec p50 2.135 p99 3.44 ms  alive 5 (min 5)  pop 126  state 170 KB  mem 5.0 MB  vetoes 1.42/100  replay 334/334  share 12.857  la 16/591 roll 72 audit 16/16 la_ms p99 0
seed 4 turn   7000     1401s  turn p50  68.17 ms p99 1505.3  dec p50 2.058 p99 3.35 ms  alive 5 (min 5)  pop 130  state 170 KB  mem 5.0 MB  vetoes 1.78/100  replay 333/333  share 11.404  la 38/1100 roll 202 audit 38/38 la_ms p99 0
seed 4 turn   7500     1515s  turn p50  71.74 ms p99 2174.9  dec p50 1.870 p99 3.26 ms  alive 5 (min 5)  pop 135  state 172 KB  mem 5.3 MB  vetoes 1.47/100  replay 424/424  share 11.184  la 85/3396 roll 478 audit 83/83 la_ms p99 0
seed 4 turn   8000     1674s  turn p50  81.99 ms p99 2387.3  dec p50 1.671 p99 2.91 ms  alive 5 (min 5)  pop 150  state 174 KB  mem 5.7 MB  vetoes 1.78/100  replay 460/460  share 9.355  la 140/5293 roll 794 audit 128/128 la_ms p99 510
seed 4 turn   8500     2094s  turn p50 838.51 ms p99 2862.4  dec p50 1.702 p99 3.00 ms  alive 5 (min 5)  pop 153  state 177 KB  mem 6.3 MB  vetoes 2.66/100  replay 603/603  share 9.125  la 292/14594 roll 1668 audit 257/258 la_ms p99 1199
seed 4 turn   9000     2515s  turn p50 177.62 ms p99 3566.6  dec p50 1.878 p99 3.68 ms  alive 5 (min 5)  pop 150  state 177 KB  mem 6.1 MB  vetoes 2.65/100  replay 622/622  share 9.143  la 244/13105 roll 1442 audit 244/244 la_ms p99 1277
seed 4 turn   9500     2860s  turn p50 154.62 ms p99 2775.2  dec p50 1.690 p99 2.88 ms  alive 5 (min 5)  pop 152  state 178 KB  mem 6.1 MB  vetoes 2.65/100  replay 550/550  share 8.862  la 226/11938 roll 1344 audit 226/226 la_ms p99 1217
seed 4 turn  10000     3188s  turn p50 128.20 ms p99 2775.9  dec p50 1.672 p99 2.84 ms  alive 5 (min 5)  pop 153  state 179 KB  mem 6.6 MB  vetoes 2.53/100  replay 586/586  share 8.716  la 194/10185 roll 1144 audit 194/194 la_ms p99 815
seed 4 turn  10500     3478s  turn p50 131.79 ms p99 2905.0  dec p50 1.692 p99 2.88 ms  alive 5 (min 5)  pop 156  state 179 KB  mem 6.2 MB  vetoes 2.56/100  replay 585/585  share 7.077  la 185/10186 roll 1094 audit 185/185 la_ms p99 646
seed 4 turn  11000     3792s  turn p50 132.56 ms p99 2877.1  dec p50 1.684 p99 2.85 ms  alive 5 (min 5)  pop 159  state 180 KB  mem 6.4 MB  vetoes 2.55/100  replay 600/600  share 7.231  la 204/10772 roll 1202 audit 204/204 la_ms p99 930
seed 4 turn  11500     4104s  turn p50 132.54 ms p99 2903.4  dec p50 1.679 p99 2.85 ms  alive 5 (min 5)  pop 149  state 181 KB  mem 6.4 MB  vetoes 2.56/100  replay 588/588  share 6.857  la 200/10768 roll 1180 audit 200/200 la_ms p99 911
seed 4 turn  12000     4422s  turn p50 144.71 ms p99 2962.2  dec p50 1.745 p99 3.12 ms  alive 5 (min 5)  pop 146  state 181 KB  mem 6.5 MB  vetoes 2.81/100  replay 578/578  share 7.771  la 196/10623 roll 1160 audit 196/196 la_ms p99 864
seed 4 turn  12500     4725s  turn p50 134.00 ms p99 2866.4  dec p50 1.684 p99 2.86 ms  alive 5 (min 5)  pop 149  state 180 KB  mem 6.2 MB  vetoes 3.06/100  replay 580/580  share 8.294  la 189/10409 roll 1120 audit 188/189 la_ms p99 819
