seed 2 turn    500      310s  turn p50 655.08 ms p99 1816.2  dec p50 1.440 p99 38.10 ms  alive 5 (min 3)  pop 128  state 166 KB  mem 22.2 MB  vetoes 4.11/100  replay 367/367  share 1.522  la 404/2910 roll 2280 audit 21/29 la_ms p99 852
seed 2 turn   1000      650s  turn p50 328.42 ms p99 2888.6  dec p50 1.626 p99 29.97 ms  alive 5 (min 4)  pop 153  state 171 KB  mem 28.9 MB  vetoes 3.33/100  replay 512/512  share 1.6  la 220/4831 roll 1176 audit 143/146 la_ms p99 1201
seed 2 turn   1500     1037s  turn p50 339.29 ms p99 2854.8  dec p50 1.544 p99 38.89 ms  alive 4 (min 4)  pop 153  state 175 KB  mem 32.5 MB  vetoes 3.0/100  replay 551/551  share 1.5  la 242/4846 roll 1380 audit 112/124 la_ms p99 1284
seed 2 turn   2000     1405s  turn p50 317.90 ms p99 3787.7  dec p50 1.525 p99 49.00 ms  alive 5 (min 4)  pop 153  state 178 KB  mem 36.5 MB  vetoes 2.5/100  replay 598/598  share 2.219  la 198/4926 roll 1128 audit 156/161 la_ms p99 1219
seed 2 turn   2500     1801s  turn p50 346.87 ms p99 3365.6  dec p50 1.567 p99 66.33 ms  alive 5 (min 5)  pop 166  state 179 KB  mem 39.5 MB  vetoes 2.24/100  replay 591/591  share 3.25  la 204/5640 roll 1130 audit 111/122 la_ms p99 1355
seed 2 turn   3000     2188s  turn p50 259.69 ms p99 3576.4  dec p50 1.604 p99 74.58 ms  alive 5 (min 4)  pop 170  state 177 KB  mem 40.9 MB  vetoes 1.62/100  replay 615/615  share 2.466  la 177/6286 roll 974 audit 114/127 la_ms p99 1020
seed 2 turn   3500     2528s  turn p50 366.90 ms p99 2249.8  dec p50 1.957 p99 96.73 ms  alive 5 (min 5)  pop 179  state 177 KB  mem 40.6 MB  vetoes 1.97/100  replay 578/578  share 5.159  la 138/2596 roll 752 audit 14/18 la_ms p99 1246
seed 2 turn   4000     2693s  turn p50 242.51 ms p99 1714.2  dec p50 2.042 p99 93.76 ms  alive 5 (min 5)  pop 176  state 175 KB  mem 40.5 MB  vetoes 1.22/100  replay 485/485  share 6.876  la 47/857 roll 248 audit 16/18 la_ms p99 0
seed 2 turn   4500     3084s  turn p50 376.57 ms p99 3225.0  dec p50 1.902 p99 97.22 ms  alive 5 (min 5)  pop 184  state 177 KB  mem 40.7 MB  vetoes 1.33/100  replay 574/574  share 3.092  la 189/3112 roll 1012 audit 19/22 la_ms p99 1197
seed 2 turn   5000     3218s  turn p50 145.63 ms p99 1192.0  dec p50 1.652 p99 5.71 ms  alive 5 (min 5)  pop 174  state 176 KB  mem 41.3 MB  vetoes 1.01/100  replay 521/521  share 3.218  la 38/425 roll 152 audit 13/13 la_ms p99 0
seed 2 turn   5500     3410s  turn p50 170.97 ms p99 2783.2  dec p50 1.697 p99 41.73 ms  alive 5 (min 4)  pop 164  state 177 KB  mem 40.7 MB  vetoes 1.6/100  replay 511/511  share 2.917  la 71/1325 roll 384 audit 14/16 la_ms p99 0
seed 2 turn   6000     3729s  turn p50 328.25 ms p99 2938.2  dec p50 2.018 p99 97.62 ms  alive 5 (min 5)  pop 178  state 176 KB  mem 40.8 MB  vetoes 1.13/100  replay 481/481  share 4.133  la 182/1737 roll 1018 audit 21/21 la_ms p99 1112
seed 2 turn   6500     3900s  turn p50 153.00 ms p99 1944.0  dec p50 1.685 p99 20.40 ms  alive 3 (min 3)  pop 179  state 175 KB  mem 40.5 MB  vetoes 1.92/100  replay 511/511  share 2.537  la 85/851 roll 424 audit 29/32 la_ms p99 0
seed 2 turn   7000     4054s  turn p50 157.00 ms p99 2265.2  dec p50 1.658 p99 91.24 ms  alive 5 (min 3)  pop 186  state 178 KB  mem 41.0 MB  vetoes 0.92/100  replay 534/534  share 2.42  la 42/751 roll 218 audit 20/21 la_ms p99 0
seed 2 turn   7500     4293s  turn p50 181.28 ms p99 2790.8  dec p50 1.533 p99 4.90 ms  alive 5 (min 5)  pop 188  state 177 KB  mem 41.2 MB  vetoes 0.49/100  replay 640/640  share 2.39  la 107/2514 roll 622 audit 76/79 la_ms p99 1003
seed 2 turn   8000     4540s  turn p50 195.97 ms p99 2794.8  dec p50 1.616 p99 5.24 ms  alive 5 (min 5)  pop 184  state 177 KB  mem 41.2 MB  vetoes 0.49/100  replay 673/673  share 2.289  la 119/2924 roll 666 audit 118/118 la_ms p99 987
seed 2 turn   8500     4774s  turn p50 166.32 ms p99 2440.5  dec p50 1.500 p99 3.84 ms  alive 5 (min 5)  pop 190  state 177 KB  mem 41.1 MB  vetoes 0.49/100  replay 664/664  share 2.36  la 131/2925 roll 694 audit 103/103 la_ms p99 908
seed 2 turn   9000     4904s  turn p50 136.61 ms p99 1614.2  dec p50 1.339 p99 3.45 ms  alive 5 (min 5)  pop 173  state 177 KB  mem 41.1 MB  vetoes 0.08/100  replay 633/633  share 2.548  la 56/804 roll 264 audit 29/30 la_ms p99 0
seed 2 turn   9500     5006s  turn p50 121.78 ms p99 1703.3  dec p50 1.254 p99 3.07 ms  alive 5 (min 5)  pop 186  state 179 KB  mem 41.1 MB  vetoes 0.32/100  replay 599/599  share 2.38  la 48/460 roll 196 audit 23/23 la_ms p99 0
seed 2 turn  10000     5116s  turn p50 120.33 ms p99 1428.6  dec p50 1.320 p99 3.98 ms  alive 5 (min 5)  pop 187  state 184 KB  mem 41.7 MB  vetoes 0.88/100  replay 624/624  share 2.365  la 29/437 roll 118 audit 20/20 la_ms p99 0
seed 2 turn  10500     5204s  turn p50 117.91 ms p99  740.7  dec p50 1.303 p99 3.82 ms  alive 5 (min 5)  pop 189  state 185 KB  mem 40.9 MB  vetoes 0.85/100  replay 577/577  share 2.375  la 9/424 roll 36 audit 9/9 la_ms p99 0
seed 2 turn  11000     5341s  turn p50 132.88 ms p99 1603.3  dec p50 1.353 p99 4.53 ms  alive 5 (min 5)  pop 187  state 185 KB  mem 41.2 MB  vetoes 1.0/100  replay 581/581  share 2.365  la 45/704 roll 244 audit 12/17 la_ms p99 0
seed 2 turn  11500     5473s  turn p50 136.54 ms p99 1574.2  dec p50 1.361 p99 4.28 ms  alive 5 (min 5)  pop 184  state 181 KB  mem 41.3 MB  vetoes 1.03/100  replay 621/621  share 2.452  la 35/968 roll 184 audit 33/34 la_ms p99 0
seed 2 turn  12000     5594s  turn p50 162.08 ms p99  991.7  dec p50 1.545 p99 5.53 ms  alive 5 (min 5)  pop 177  state 178 KB  mem 41.2 MB  vetoes 1.36/100  replay 590/590  share 2.568  la 14/329 roll 56 audit 14/14 la_ms p99 0
seed 2 turn  12500     5743s  turn p50 173.95 ms p99 2458.8  dec p50 1.778 p99 5.62 ms  alive 5 (min 5)  pop 180  state 178 KB  mem 41.4 MB  vetoes 1.53/100  replay 632/632  share 2.431  la 32/575 roll 162 audit 20/23 la_ms p99 0
seed 2 turn  13000     5954s  turn p50 174.04 ms p99 2315.7  dec p50 1.364 p99 4.17 ms  alive 5 (min 5)  pop 176  state 178 KB  mem 41.6 MB  vetoes 1.42/100  replay 605/605  share 2.541  la 119/3175 roll 682 audit 110/110 la_ms p99 994
seed 2 turn  13500     6207s  turn p50 204.98 ms p99 2277.7  dec p50 1.393 p99 4.26 ms  alive 5 (min 4)  pop 177  state 180 KB  mem 42.1 MB  vetoes 1.18/100  replay 681/681  share 2.344  la 140/3657 roll 820 audit 126/131 la_ms p99 1090
seed 2 turn  14000     6429s  turn p50 191.11 ms p99 2164.6  dec p50 1.374 p99 4.10 ms  alive 5 (min 4)  pop 192  state 182 KB  mem 42.6 MB  vetoes 1.52/100  replay 650/650  share 2.104  la 118/3659 roll 690 audit 117/118 la_ms p99 974
seed 2 turn  14500     6642s  turn p50 147.16 ms p99 1690.7  dec p50 1.253 p99 3.74 ms  alive 5 (min 5)  pop 178  state 180 KB  mem 42.9 MB  vetoes 1.09/100  replay 643/643  share 1.988  la 113/3592 roll 652 audit 113/113 la_ms p99 1019
seed 2 turn  15000     6848s  turn p50 145.01 ms p99 1647.1  dec p50 1.384 p99 3.97 ms  alive 4 (min 4)  pop 193  state 180 KB  mem 43.6 MB  vetoes 1.25/100  replay 626/626  share 1.417  la 105/3537 roll 612 audit 104/105 la_ms p99 937
seed 2 turn  15500     7166s  turn p50 314.63 ms p99 2188.2  dec p50 1.333 p99 22.04 ms  alive 5 (min 4)  pop 203  state 183 KB  mem 43.5 MB  vetoes 2.7/100  replay 702/702  share 2.111  la 149/3043 roll 848 audit 22/35 la_ms p99 1355
seed 2 turn  16000     7667s  turn p50 1132.39 ms p99 2470.2  dec p50 1.322 p99 49.32 ms  alive 5 (min 4)  pop 172  state 185 KB  mem 43.7 MB  vetoes 4.89/100  replay 651/651  share 1.005  la 260/4256 roll 1466 audit 15/27 la_ms p99 1637
seed 2 turn  16500     8170s  turn p50 1090.09 ms p99 2419.1  dec p50 1.356 p99 82.80 ms  alive 5 (min 5)  pop 169  state 184 KB  mem 44.3 MB  vetoes 5.01/100  replay 691/691  share 1.326  la 260/4985 roll 1434 audit 12/16 la_ms p99 1582
seed 2 turn  17000     8677s  turn p50 1113.12 ms p99 2465.1  dec p50 1.357 p99 81.31 ms  alive 5 (min 5)  pop 175  state 183 KB  mem 44.4 MB  vetoes 4.19/100  replay 696/696  share 1.952  la 258/6014 roll 1416 audit 7/16 la_ms p99 1564
seed 2 turn  17500     9177s  turn p50 1040.46 ms p99 2373.2  dec p50 1.438 p99 79.95 ms  alive 5 (min 5)  pop 190  state 184 KB  mem 44.8 MB  vetoes 4.1/100  replay 679/679  share 2.023  la 255/5298 roll 1420 audit 8/15 la_ms p99 1570
seed 2 turn  18000     9672s  turn p50 1150.03 ms p99 2222.2  dec p50 1.380 p99 77.77 ms  alive 5 (min 5)  pop 163  state 182 KB  mem 44.2 MB  vetoes 4.3/100  replay 636/636  share 0.123  la 275/4465 roll 1536 audit 6/14 la_ms p99 1537
seed 2 turn  18500    10026s  turn p50 364.86 ms p99 1864.3  dec p50 1.402 p99 38.62 ms  alive 3 (min 3)  pop 203  state 179 KB  mem 43.7 MB  vetoes 4.41/100  replay 579/579  share 0.0  la 233/2455 roll 1332 audit 10/14 la_ms p99 1355
seed 2 turn  19000    10180s  turn p50 117.16 ms p99 1609.6  dec p50 1.480 p99 4.59 ms  alive 3 (min 3)  pop 211  state 182 KB  mem 43.6 MB  vetoes 2.64/100  replay 516/516  share 0.0  la 82/1072 roll 490 audit 35/40 la_ms p99 988
seed 2 turn  19500    10409s  turn p50 268.08 ms p99 1530.0  dec p50 1.340 p99 33.95 ms  alive 5 (min 3)  pop 197  state 188 KB  mem 44.3 MB  vetoes 3.12/100  replay 522/522  share 1.579  la 166/2033 roll 934 audit 19/22 la_ms p99 1060
seed 2 turn  20000    10682s  turn p50 279.57 ms p99 1777.1  dec p50 1.150 p99 34.62 ms  alive 3 (min 3)  pop 209  state 183 KB  mem 44.5 MB  vetoes 3.6/100  replay 564/564  share 0.0  la 193/2076 roll 1092 audit 13/18 la_ms p99 1044
seed 2: 20000 turns in 10682 s; invariants failed: none
