seed 1 turn    500      283s  turn p50 564.93 ms p99 1940.3  dec p50 1.495 p99 27.91 ms  alive 5 (min 3)  pop 108  state 167 KB  mem 19.0 MB  vetoes 4.52/100  replay 290/290  share 9.304  la 502/2780 roll 2630 audit 14/27 la_ms p99 713
seed 1 turn   1000      443s  turn p50  97.04 ms p99 1557.3  dec p50 1.753 p99 42.44 ms  alive 5 (min 5)  pop 121  state 170 KB  mem 25.5 MB  vetoes 1.43/100  replay 307/307  share 8.291  la 180/1919 roll 904 audit 33/35 la_ms p99 531
seed 1 turn   1500      690s  turn p50 294.25 ms p99 2300.3  dec p50 1.766 p99 94.79 ms  alive 5 (min 4)  pop 129  state 170 KB  mem 32.5 MB  vetoes 2.34/100  replay 411/411  share 9.556  la 193/3291 roll 1062 audit 49/56 la_ms p99 714
seed 1 turn   2000      897s  turn p50 193.48 ms p99 2446.1  dec p50 1.703 p99 82.47 ms  alive 5 (min 5)  pop 136  state 170 KB  mem 36.8 MB  vetoes 2.17/100  replay 496/496  share 9.333  la 138/4623 roll 772 audit 117/119 la_ms p99 614
seed 1 turn   2500     1045s  turn p50 107.69 ms p99 1949.9  dec p50 1.694 p99 72.34 ms  alive 5 (min 5)  pop 157  state 171 KB  mem 40.2 MB  vetoes 1.27/100  replay 381/381  share 11.439  la 100/2171 roll 544 audit 70/74 la_ms p99 0
seed 1 turn   3000     1213s  turn p50 168.66 ms p99 1818.4  dec p50 2.282 p99 86.04 ms  alive 5 (min 4)  pop 186  state 173 KB  mem 42.1 MB  vetoes 0.97/100  replay 422/422  share 14.889  la 113/1751 roll 604 audit 66/74 la_ms p99 0
seed 1 turn   3500     1375s  turn p50 127.58 ms p99 1889.9  dec p50 2.261 p99 40.11 ms  alive 5 (min 5)  pop 190  state 173 KB  mem 42.7 MB  vetoes 0.72/100  replay 420/420  share 19.545  la 116/1953 roll 592 audit 54/67 la_ms p99 0
seed 1 turn   4000     1484s  turn p50  97.94 ms p99 1175.3  dec p50 2.329 p99 81.93 ms  alive 5 (min 4)  pop 192  state 173 KB  mem 42.8 MB  vetoes 0.5/100  replay 378/378  share 16.471  la 48/872 roll 250 audit 22/25 la_ms p99 0
seed 1 turn   4500     1624s  turn p50 124.04 ms p99 1763.6  dec p50 2.336 p99 86.04 ms  alive 5 (min 4)  pop 175  state 173 KB  mem 42.8 MB  vetoes 0.69/100  replay 432/432  share 14.769  la 87/928 roll 444 audit 24/29 la_ms p99 0
seed 1 turn   5000     1757s  turn p50 110.60 ms p99 1499.9  dec p50 2.309 p99 40.47 ms  alive 5 (min 5)  pop 187  state 174 KB  mem 43.7 MB  vetoes 0.6/100  replay 430/430  share 15.692  la 61/918 roll 308 audit 28/36 la_ms p99 0
seed 1 turn   5500     1853s  turn p50  95.95 ms p99 1276.0  dec p50 2.251 p99 4.80 ms  alive 5 (min 5)  pop 182  state 175 KB  mem 43.1 MB  vetoes 0.59/100  replay 436/436  share 16.08  la 42/616 roll 208 audit 23/30 la_ms p99 0
seed 1 turn   6000     1946s  turn p50  94.51 ms p99 1117.3  dec p50 2.250 p99 4.82 ms  alive 5 (min 4)  pop 191  state 174 KB  mem 43.0 MB  vetoes 0.53/100  replay 391/391  share 16.0  la 34/642 roll 164 audit 12/16 la_ms p99 0
seed 1 turn   6500     2040s  turn p50  95.61 ms p99 1010.6  dec p50 2.276 p99 24.11 ms  alive 5 (min 5)  pop 188  state 174 KB  mem 43.2 MB  vetoes 0.23/100  replay 382/382  share 15.769  la 39/530 roll 168 audit 15/21 la_ms p99 0
seed 1 turn   7000     2104s  turn p50  93.19 ms p99  691.4  dec p50 2.256 p99 4.14 ms  alive 5 (min 5)  pop 189  state 174 KB  mem 43.0 MB  vetoes 0.0/100  replay 373/373  share 15.846  la 21/425 roll 84 audit 17/17 la_ms p99 0
seed 1 turn   7500     2185s  turn p50 102.15 ms p99 1113.1  dec p50 2.450 p99 4.63 ms  alive 5 (min 5)  pop 177  state 174 KB  mem 43.1 MB  vetoes 0.23/100  replay 395/395  share 16.5  la 23/509 roll 104 audit 17/20 la_ms p99 0
seed 1 turn   8000     2258s  turn p50  98.14 ms p99  746.2  dec p50 2.321 p99 4.36 ms  alive 5 (min 5)  pop 193  state 174 KB  mem 43.2 MB  vetoes 0.14/100  replay 392/392  share 16.385  la 25/435 roll 110 audit 19/19 la_ms p99 0
seed 1 turn   8500     2331s  turn p50 105.86 ms p99  935.6  dec p50 2.438 p99 4.00 ms  alive 5 (min 5)  pop 202  state 174 KB  mem 43.5 MB  vetoes 0.48/100  replay 401/401  share 17.538  la 22/551 roll 108 audit 12/14 la_ms p99 0
seed 1 turn   9000     2394s  turn p50 108.86 ms p99  660.1  dec p50 2.437 p99 4.43 ms  alive 5 (min 5)  pop 203  state 175 KB  mem 43.6 MB  vetoes 0.53/100  replay 418/418  share 19.417  la 6/425 roll 24 audit 6/6 la_ms p99 0
seed 1 turn   9500     2486s  turn p50 122.57 ms p99 1332.5  dec p50 2.559 p99 6.30 ms  alive 5 (min 5)  pop 209  state 175 KB  mem 43.5 MB  vetoes 0.49/100  replay 479/479  share 18.077  la 24/479 roll 108 audit 15/18 la_ms p99 0
seed 1 turn  10000     2598s  turn p50 119.31 ms p99 1263.1  dec p50 2.491 p99 5.87 ms  alive 5 (min 5)  pop 214  state 175 KB  mem 44.0 MB  vetoes 0.39/100  replay 419/419  share 18.692  la 28/541 roll 130 audit 18/21 la_ms p99 0
seed 1 turn  10500     2684s  turn p50 108.82 ms p99  800.7  dec p50 2.474 p99 4.52 ms  alive 5 (min 5)  pop 212  state 175 KB  mem 43.5 MB  vetoes 0.39/100  replay 468/468  share 18.98  la 24/474 roll 98 audit 22/24 la_ms p99 0
seed 1 turn  11000     2755s  turn p50 108.73 ms p99  729.9  dec p50 2.458 p99 4.39 ms  alive 5 (min 5)  pop 214  state 175 KB  mem 43.4 MB  vetoes 0.0/100  replay 479/479  share 18.692  la 20/424 roll 80 audit 20/20 la_ms p99 0
seed 1 turn  11500     2860s  turn p50 135.53 ms p99 1343.2  dec p50 2.657 p99 7.07 ms  alive 5 (min 5)  pop 215  state 175 KB  mem 43.4 MB  vetoes 0.33/100  replay 461/461  share 19.216  la 27/488 roll 116 audit 25/27 la_ms p99 0
seed 1 turn  12000     2970s  turn p50 154.58 ms p99 1271.3  dec p50 2.639 p99 5.76 ms  alive 5 (min 5)  pop 198  state 175 KB  mem 43.6 MB  vetoes 0.17/100  replay 457/457  share 18.118  la 23/479 roll 108 audit 18/19 la_ms p99 0
seed 1 turn  12500     3047s  turn p50 109.14 ms p99  781.9  dec p50 2.463 p99 5.16 ms  alive 5 (min 5)  pop 218  state 175 KB  mem 43.5 MB  vetoes 0.0/100  replay 448/448  share 19.686  la 23/425 roll 92 audit 23/23 la_ms p99 0
seed 1 turn  13000     3114s  turn p50 105.59 ms p99  746.9  dec p50 2.470 p99 3.39 ms  alive 5 (min 5)  pop 216  state 176 KB  mem 43.5 MB  vetoes 0.0/100  replay 458/458  share 19.529  la 19/425 roll 76 audit 19/19 la_ms p99 0
seed 1 turn  13500     3190s  turn p50 110.30 ms p99  918.1  dec p50 2.485 p99 4.23 ms  alive 5 (min 5)  pop 208  state 176 KB  mem 43.6 MB  vetoes 0.07/100  replay 460/460  share 19.36  la 26/469 roll 118 audit 23/25 la_ms p99 0
seed 1 turn  14000     3260s  turn p50 107.64 ms p99  765.3  dec p50 2.426 p99 3.68 ms  alive 5 (min 5)  pop 217  state 175 KB  mem 43.5 MB  vetoes 0.0/100  replay 457/457  share 19.608  la 20/424 roll 80 audit 20/20 la_ms p99 0
seed 1 turn  14500     3324s  turn p50 107.79 ms p99  717.2  dec p50 2.445 p99 3.66 ms  alive 5 (min 5)  pop 216  state 176 KB  mem 43.6 MB  vetoes 0.0/100  replay 434/434  share 19.529  la 12/424 roll 48 audit 12/12 la_ms p99 0
seed 1 turn  15000     3433s  turn p50 114.67 ms p99 1542.4  dec p50 2.465 p99 5.40 ms  alive 5 (min 5)  pop 198  state 176 KB  mem 44.2 MB  vetoes 0.15/100  replay 474/474  share 21.067  la 28/544 roll 120 audit 25/28 la_ms p99 0
seed 1 turn  15500     3522s  turn p50 117.59 ms p99  847.9  dec p50 2.546 p99 5.76 ms  alive 5 (min 5)  pop 216  state 176 KB  mem 43.5 MB  vetoes 0.1/100  replay 430/430  share 19.529  la 25/514 roll 106 audit 24/25 la_ms p99 0
seed 1 turn  16000     3606s  turn p50 111.88 ms p99  882.3  dec p50 2.463 p99 4.49 ms  alive 5 (min 5)  pop 217  state 176 KB  mem 43.5 MB  vetoes 0.37/100  replay 450/450  share 19.608  la 28/424 roll 112 audit 28/28 la_ms p99 0
seed 1 turn  16500     3731s  turn p50 122.46 ms p99 2522.9  dec p50 2.568 p99 5.39 ms  alive 5 (min 5)  pop 221  state 177 KB  mem 43.6 MB  vetoes 0.54/100  replay 455/455  share 19.922  la 39/772 roll 200 audit 20/23 la_ms p99 0
seed 1 turn  17000     3834s  turn p50 118.06 ms p99 1136.2  dec p50 2.450 p99 4.95 ms  alive 5 (min 5)  pop 219  state 176 KB  mem 43.6 MB  vetoes 0.48/100  replay 460/460  share 20.735  la 25/472 roll 114 audit 18/20 la_ms p99 0
seed 1 turn  17500     3919s  turn p50 116.53 ms p99  935.8  dec p50 2.463 p99 4.51 ms  alive 5 (min 5)  pop 216  state 176 KB  mem 43.7 MB  vetoes 0.28/100  replay 469/469  share 20.0  la 18/478 roll 84 audit 10/12 la_ms p99 0
seed 1 turn  18000     4004s  turn p50 117.63 ms p99  903.7  dec p50 2.519 p99 4.80 ms  alive 5 (min 5)  pop 210  state 175 KB  mem 43.6 MB  vetoes 0.12/100  replay 470/470  share 20.5  la 17/436 roll 72 audit 14/15 la_ms p99 0
seed 1 turn  18500     4086s  turn p50 116.24 ms p99  849.5  dec p50 2.519 p99 4.95 ms  alive 5 (min 5)  pop 214  state 176 KB  mem 43.5 MB  vetoes 0.37/100  replay 474/474  share 19.84  la 16/424 roll 64 audit 16/16 la_ms p99 0
seed 1 turn  19000     4163s  turn p50 116.19 ms p99  779.8  dec p50 2.545 p99 4.79 ms  alive 5 (min 5)  pop 217  state 176 KB  mem 43.6 MB  vetoes 0.37/100  replay 452/452  share 20.08  la 16/424 roll 64 audit 16/16 la_ms p99 0
seed 1 turn  19500     4234s  turn p50 115.62 ms p99  719.5  dec p50 2.555 p99 4.91 ms  alive 5 (min 5)  pop 209  state 176 KB  mem 43.7 MB  vetoes 0.37/100  replay 442/442  share 24.585  la 7/424 roll 28 audit 7/7 la_ms p99 0
seed 1 turn  20000     4312s  turn p50 110.55 ms p99  773.7  dec p50 2.482 p99 4.97 ms  alive 5 (min 5)  pop 206  state 176 KB  mem 44.5 MB  vetoes 0.37/100  replay 485/485  share 22.364  la 14/425 roll 56 audit 14/14 la_ms p99 0
seed 1: 20000 turns in 4312 s; invariants failed: none
