seed 4 turn    500       84s  turn p50  53.41 ms p99 1111.1  dec p50 1.170 p99 3.11 ms  alive 4 (min 4)  pop 78  state 160 KB  mem 17.4 MB  vetoes 2.6/100  replay 225/225  share 1.387  la 203/483 roll 1046 audit 6/7 la_ms p99 430
seed 4 turn   1000      173s  turn p50  61.27 ms p99 1429.2  dec p50 1.651 p99 3.83 ms  alive 4 (min 4)  pop 89  state 165 KB  mem 25.1 MB  vetoes 1.72/100  replay 275/275  share 1.627  la 127/672 roll 650 audit 7/9 la_ms p99 511
seed 4 turn   1500      286s  turn p50  71.24 ms p99 1792.3  dec p50 1.676 p99 4.10 ms  alive 4 (min 4)  pop 99  state 166 KB  mem 29.2 MB  vetoes 1.79/100  replay 343/343  share 2.288  la 128/1099 roll 670 audit 20/23 la_ms p99 641
seed 4 turn   2000      460s  turn p50 105.39 ms p99 1807.3  dec p50 1.624 p99 4.64 ms  alive 4 (min 4)  pop 99  state 170 KB  mem 32.1 MB  vetoes 1.29/100  replay 405/405  share 2.354  la 165/2333 roll 922 audit 69/73 la_ms p99 778
seed 4 turn   2500      650s  turn p50 118.12 ms p99 1981.2  dec p50 1.686 p99 42.45 ms  alive 5 (min 4)  pop 106  state 172 KB  mem 34.3 MB  vetoes 1.27/100  replay 397/397  share 5.477  la 177/2226 roll 916 audit 68/78 la_ms p99 748
seed 4 turn   3000      838s  turn p50 207.93 ms p99 2059.1  dec p50 1.790 p99 97.63 ms  alive 5 (min 5)  pop 120  state 173 KB  mem 36.6 MB  vetoes 1.97/100  replay 364/364  share 13.538  la 144/2030 roll 744 audit 69/71 la_ms p99 564
seed 4 turn   3500      904s  turn p50  74.87 ms p99  571.8  dec p50 2.219 p99 40.22 ms  alive 5 (min 5)  pop 114  state 171 KB  mem 38.5 MB  vetoes 1.06/100  replay 332/332  share 13.368  la 11/424 roll 44 audit 11/11 la_ms p99 0
seed 4 turn   4000      965s  turn p50  74.44 ms p99  574.8  dec p50 2.192 p99 4.40 ms  alive 5 (min 5)  pop 111  state 170 KB  mem 39.9 MB  vetoes 1.58/100  replay 348/348  share 11.429  la 22/430 roll 88 audit 16/16 la_ms p99 0
seed 4 turn   4500     1069s  turn p50  79.65 ms p99 1563.9  dec p50 1.718 p99 21.40 ms  alive 5 (min 5)  pop 121  state 171 KB  mem 41.2 MB  vetoes 1.57/100  replay 385/385  share 12.78  la 59/1632 roll 304 audit 46/50 la_ms p99 0
seed 4 turn   5000     1271s  turn p50 162.97 ms p99 2144.4  dec p50 1.663 p99 86.62 ms  alive 5 (min 5)  pop 121  state 173 KB  mem 42.4 MB  vetoes 1.67/100  replay 414/414  share 13.2  la 149/3871 roll 768 audit 104/109 la_ms p99 549
seed 4 turn   5500     1354s  turn p50  74.06 ms p99 1232.1  dec p50 1.905 p99 41.69 ms  alive 5 (min 5)  pop 123  state 171 KB  mem 42.1 MB  vetoes 1.47/100  replay 338/338  share 12.976  la 32/797 roll 140 audit 29/30 la_ms p99 0
seed 4 turn   6000     1462s  turn p50  84.49 ms p99 1601.2  dec p50 1.743 p99 85.81 ms  alive 5 (min 5)  pop 124  state 171 KB  mem 42.5 MB  vetoes 2.09/100  replay 378/378  share 13.073  la 61/1826 roll 332 audit 53/53 la_ms p99 0
seed 4 turn   6500     1528s  turn p50  73.54 ms p99  698.4  dec p50 2.184 p99 40.39 ms  alive 5 (min 5)  pop 126  state 170 KB  mem 42.4 MB  vetoes 1.42/100  replay 334/334  share 12.857  la 16/591 roll 72 audit 16/16 la_ms p99 0
seed 4 turn   7000     1617s  turn p50  79.18 ms p99 1527.4  dec p50 1.986 p99 41.98 ms  alive 5 (min 5)  pop 130  state 170 KB  mem 42.4 MB  vetoes 1.78/100  replay 333/333  share 11.404  la 38/1100 roll 202 audit 38/38 la_ms p99 0
seed 4 turn   7500     1766s  turn p50 120.78 ms p99 2306.6  dec p50 1.687 p99 87.35 ms  alive 5 (min 5)  pop 135  state 172 KB  mem 42.5 MB  vetoes 1.47/100  replay 424/424  share 11.184  la 85/3396 roll 478 audit 83/83 la_ms p99 0
seed 4 turn   8000     1977s  turn p50 207.26 ms p99 2632.2  dec p50 1.667 p99 86.25 ms  alive 5 (min 5)  pop 150  state 174 KB  mem 42.9 MB  vetoes 1.78/100  replay 460/460  share 9.355  la 140/5293 roll 794 audit 128/128 la_ms p99 549
seed 4 turn   8500     2534s  turn p50 1145.18 ms p99 3476.9  dec p50 1.785 p99 92.84 ms  alive 5 (min 5)  pop 153  state 177 KB  mem 43.4 MB  vetoes 2.66/100  replay 603/603  share 9.125  la 292/14594 roll 1668 audit 257/258 la_ms p99 1370
seed 4 turn   9000     3072s  turn p50 474.32 ms p99 3781.9  dec p50 1.884 p99 94.49 ms  alive 5 (min 5)  pop 150  state 177 KB  mem 43.3 MB  vetoes 2.65/100  replay 622/622  share 9.143  la 244/13105 roll 1442 audit 244/244 la_ms p99 1426
seed 4 turn   9500     3549s  turn p50 413.72 ms p99 3331.6  dec p50 1.856 p99 94.95 ms  alive 5 (min 5)  pop 152  state 178 KB  mem 43.4 MB  vetoes 2.65/100  replay 550/550  share 8.862  la 226/11938 roll 1344 audit 226/226 la_ms p99 1384
seed 4 turn  10000     3993s  turn p50 327.34 ms p99 3478.7  dec p50 1.775 p99 90.31 ms  alive 5 (min 5)  pop 153  state 179 KB  mem 44.4 MB  vetoes 2.53/100  replay 586/586  share 8.716  la 194/10185 roll 1144 audit 194/194 la_ms p99 946
seed 4 turn  10500     4383s  turn p50 334.15 ms p99 3550.4  dec p50 1.825 p99 91.95 ms  alive 5 (min 5)  pop 156  state 179 KB  mem 43.5 MB  vetoes 2.56/100  replay 585/585  share 7.077  la 185/10186 roll 1094 audit 185/185 la_ms p99 748
seed 4 turn  11000     4814s  turn p50 370.33 ms p99 3522.7  dec p50 1.849 p99 94.55 ms  alive 5 (min 5)  pop 159  state 180 KB  mem 43.5 MB  vetoes 2.55/100  replay 600/600  share 7.231  la 204/10772 roll 1202 audit 204/204 la_ms p99 1064
seed 4 turn  11500     5185s  turn p50 314.84 ms p99 3055.5  dec p50 1.608 p99 80.97 ms  alive 5 (min 5)  pop 149  state 181 KB  mem 43.6 MB  vetoes 2.56/100  replay 588/588  share 6.857  la 200/10768 roll 1180 audit 200/200 la_ms p99 934
seed 4 turn  12000     5561s  turn p50 301.79 ms p99 3097.5  dec p50 1.669 p99 85.14 ms  alive 5 (min 5)  pop 146  state 181 KB  mem 43.6 MB  vetoes 2.81/100  replay 578/578  share 7.771  la 196/10623 roll 1160 audit 196/196 la_ms p99 868
seed 4 turn  12500     5958s  turn p50 336.24 ms p99 3363.0  dec p50 1.810 p99 85.23 ms  alive 5 (min 5)  pop 149  state 180 KB  mem 43.5 MB  vetoes 3.06/100  replay 580/580  share 8.294  la 189/10409 roll 1120 audit 188/189 la_ms p99 863
seed 4 turn  13000     6364s  turn p50 770.92 ms p99 3025.4  dec p50 1.570 p99 87.50 ms  alive 5 (min 5)  pop 129  state 179 KB  mem 43.8 MB  vetoes 4.14/100  replay 483/483  share 9.034  la 268/6811 roll 1518 audit 44/51 la_ms p99 1048
seed 4 turn  13500     6775s  turn p50 811.78 ms p99 2383.2  dec p50 1.572 p99 88.52 ms  alive 5 (min 5)  pop 137  state 176 KB  mem 43.6 MB  vetoes 3.79/100  replay 537/537  share 19.176  la 305/6577 roll 1632 audit 54/63 la_ms p99 1043
seed 4 turn  14000     7229s  turn p50 1071.00 ms p99 2403.2  dec p50 1.496 p99 89.32 ms  alive 5 (min 5)  pop 152  state 177 KB  mem 43.9 MB  vetoes 3.95/100  replay 539/539  share 0.261  la 289/4967 roll 1626 audit 19/34 la_ms p99 1304
seed 4 turn  14500     7419s  turn p50 125.05 ms p99 1965.3  dec p50 1.204 p99 3.95 ms  alive 5 (min 5)  pop 168  state 173 KB  mem 43.5 MB  vetoes 2.22/100  replay 545/545  share 0.278  la 136/546 roll 652 audit 10/16 la_ms p99 1102
seed 4 turn  15000     7601s  turn p50 145.44 ms p99 1908.4  dec p50 1.255 p99 21.49 ms  alive 5 (min 5)  pop 174  state 174 KB  mem 43.5 MB  vetoes 2.06/100  replay 507/507  share 0.27  la 81/636 roll 456 audit 10/12 la_ms p99 997
seed 4 turn  15500     7827s  turn p50 176.77 ms p99 2137.0  dec p50 1.356 p99 4.53 ms  alive 5 (min 5)  pop 169  state 176 KB  mem 43.4 MB  vetoes 2.19/100  replay 563/563  share 0.273  la 136/1477 roll 790 audit 46/51 la_ms p99 1125
seed 4 turn  16000     8170s  turn p50 410.34 ms p99 2068.3  dec p50 1.285 p99 38.71 ms  alive 5 (min 4)  pop 166  state 176 KB  mem 43.4 MB  vetoes 2.69/100  replay 534/534  share 0.276  la 247/1623 roll 1424 audit 32/36 la_ms p99 1178
seed 4 turn  16500     8409s  turn p50 295.57 ms p99 1612.8  dec p50 1.288 p99 4.48 ms  alive 5 (min 5)  pop 175  state 175 KB  mem 43.5 MB  vetoes 2.35/100  replay 543/543  share 0.265  la 158/991 roll 896 audit 13/15 la_ms p99 1176
seed 4 turn  17000     8571s  turn p50 107.64 ms p99 1414.5  dec p50 1.247 p99 3.77 ms  alive 5 (min 4)  pop 167  state 176 KB  mem 43.3 MB  vetoes 2.22/100  replay 526/526  share 0.256  la 115/678 roll 642 audit 10/15 la_ms p99 930
seed 4 turn  17500     8684s  turn p50  75.27 ms p99 1341.3  dec p50 1.750 p99 3.19 ms  alive 3 (min 3)  pop 182  state 172 KB  mem 42.8 MB  vetoes 1.18/100  replay 423/423  share 0.0  la 90/299 roll 532 audit 2/7 la_ms p99 879
seed 4 turn  18000     8768s  turn p50  72.67 ms p99 1144.4  dec p50 1.851 p99 3.87 ms  alive 3 (min 3)  pop 193  state 174 KB  mem 42.8 MB  vetoes 0.68/100  replay 369/369  share 0.0  la 44/146 roll 264 audit 2/2 la_ms p99 663
seed 4 turn  18500     8899s  turn p50  77.83 ms p99 1229.1  dec p50 1.835 p99 4.22 ms  alive 4 (min 3)  pop 186  state 178 KB  mem 43.1 MB  vetoes 1.56/100  replay 387/387  share 0.0  la 103/316 roll 604 audit 2/7 la_ms p99 875
seed 4 turn  19000     9288s  turn p50 655.69 ms p99 2030.3  dec p50 1.595 p99 82.29 ms  alive 5 (min 4)  pop 179  state 182 KB  mem 44.1 MB  vetoes 4.75/100  replay 542/542  share 1.305  la 257/3437 roll 1406 audit 10/13 la_ms p99 1336
seed 4 turn  19500     9515s  turn p50 279.99 ms p99 1707.4  dec p50 1.506 p99 77.36 ms  alive 4 (min 4)  pop 195  state 179 KB  mem 43.6 MB  vetoes 3.18/100  replay 459/459  share 0.0  la 148/1478 roll 858 audit 6/9 la_ms p99 1196
seed 4 turn  20000     9698s  turn p50 146.33 ms p99 1498.5  dec p50 1.827 p99 4.94 ms  alive 4 (min 4)  pop 183  state 181 KB  mem 44.1 MB  vetoes 1.44/100  replay 475/475  share 0.0  la 155/794 roll 908 audit 5/7 la_ms p99 877
seed 4: 20000 turns in 9698 s; invariants failed: ['I2']
