seed 5 turn    500      100s  turn p50 259.85 ms p99  618.5  dec p50 0.452 p99 1.27 ms  alive 5 (min 4)  pop 108  state 168 KB  mem 55.3 MB  vetoes 5.82/100  replay 370/370  share 0.622  la 363/1038 roll 2072 audit 4/14 la_ms p99 316
seed 5 turn   1000      212s  turn p50 284.35 ms p99  577.7  dec p50 0.439 p99 1.26 ms  alive 5 (min 5)  pop 120  state 168 KB  mem 55.8 MB  vetoes 5.04/100  replay 407/407  share 0.364  la 364/1666 roll 2014 audit 12/19 la_ms p99 339
seed 5 turn   1500      344s  turn p50 319.93 ms p99  951.2  dec p50 0.614 p99 2.06 ms  alive 5 (min 4)  pop 120  state 170 KB  mem 56.1 MB  vetoes 5.28/100  replay 445/445  share 0.35  la 316/1423 roll 1850 audit 9/15 la_ms p99 539
seed 5 turn   2000      469s  turn p50  62.19 ms p99  865.4  dec p50 0.589 p99 1.85 ms  alive 5 (min 3)  pop 150  state 172 KB  mem 56.5 MB  vetoes 5.63/100  replay 448/448  share 1.227  la 257/1709 roll 1458 audit 9/14 la_ms p99 555
seed 5 turn   2500      605s  turn p50 301.67 ms p99  642.4  dec p50 0.515 p99 1.22 ms  alive 5 (min 5)  pop 164  state 173 KB  mem 56.8 MB  vetoes 3.27/100  replay 525/525  share 0.466  la 318/3978 roll 1638 audit 6/16 la_ms p99 451
seed 5 turn   3000      736s  turn p50 287.33 ms p99  739.6  dec p50 0.467 p99 1.21 ms  alive 5 (min 5)  pop 166  state 175 KB  mem 56.9 MB  vetoes 4.32/100  replay 490/490  share 0.237  la 349/3142 roll 1740 audit 15/28 la_ms p99 418
seed 5 turn   3500      871s  turn p50 349.19 ms p99  884.0  dec p50 0.459 p99 1.15 ms  alive 5 (min 5)  pop 164  state 175 KB  mem 56.8 MB  vetoes 4.32/100  replay 507/507  share 0.299  la 311/2033 roll 1774 audit 24/42 la_ms p99 449
seed 5 turn   4000     1005s  turn p50 339.53 ms p99  713.4  dec p50 0.448 p99 1.17 ms  alive 5 (min 5)  pop 158  state 176 KB  mem 56.9 MB  vetoes 4.73/100  replay 516/516  share 3.0  la 323/2485 roll 1774 audit 11/22 la_ms p99 439
seed 5 turn   4500     1149s  turn p50 354.01 ms p99  651.5  dec p50 0.453 p99 1.20 ms  alive 5 (min 5)  pop 165  state 175 KB  mem 57.0 MB  vetoes 5.52/100  replay 512/512  share 2.0  la 311/3149 roll 1694 audit 7/10 la_ms p99 502
seed 5 turn   5000     1298s  turn p50 349.61 ms p99  688.5  dec p50 0.447 p99 1.20 ms  alive 5 (min 5)  pop 174  state 175 KB  mem 59.5 MB  vetoes 5.21/100  replay 543/543  share 0.263  la 315/2889 roll 1678 audit 7/17 la_ms p99 498
seed 5 turn   5500     1434s  turn p50 350.39 ms p99  797.8  dec p50 0.452 p99 1.19 ms  alive 5 (min 5)  pop 161  state 177 KB  mem 59.5 MB  vetoes 5.01/100  replay 553/553  share 1.444  la 296/2352 roll 1646 audit 11/24 la_ms p99 481
seed 5 turn   6000     1574s  turn p50 291.86 ms p99  722.6  dec p50 0.450 p99 1.21 ms  alive 5 (min 5)  pop 149  state 175 KB  mem 59.5 MB  vetoes 5.06/100  replay 568/568  share 2.507  la 307/4158 roll 1588 audit 15/30 la_ms p99 511
seed 5 turn   6500     1725s  turn p50 377.41 ms p99  654.2  dec p50 0.463 p99 1.22 ms  alive 5 (min 5)  pop 169  state 175 KB  mem 59.5 MB  vetoes 4.19/100  replay 599/599  share 0.984  la 287/4421 roll 1574 audit 12/28 la_ms p99 523
seed 5 turn   7000     1880s  turn p50 375.42 ms p99  718.0  dec p50 0.612 p99 1.21 ms  alive 5 (min 5)  pop 163  state 177 KB  mem 59.5 MB  vetoes 3.79/100  replay 589/589  share 3.966  la 276/4715 roll 1544 audit 12/18 la_ms p99 559
seed 5 turn   7500     2026s  turn p50 357.97 ms p99  752.9  dec p50 0.586 p99 1.20 ms  alive 5 (min 5)  pop 177  state 176 KB  mem 59.5 MB  vetoes 4.17/100  replay 576/576  share 1.419  la 281/3117 roll 1586 audit 5/15 la_ms p99 542
seed 5 turn   8000     2196s  turn p50 450.34 ms p99  777.9  dec p50 0.658 p99 1.22 ms  alive 5 (min 5)  pop 187  state 177 KB  mem 59.5 MB  vetoes 4.49/100  replay 607/607  share 0.807  la 281/5044 roll 1576 audit 11/15 la_ms p99 595
seed 5 turn   8500     2376s  turn p50 419.58 ms p99  834.1  dec p50 0.663 p99 1.27 ms  alive 5 (min 5)  pop 181  state 179 KB  mem 59.5 MB  vetoes 4.83/100  replay 596/596  share 1.565  la 295/4824 roll 1578 audit 8/19 la_ms p99 629
seed 5 turn   9000     2544s  turn p50 412.27 ms p99  762.0  dec p50 0.626 p99 1.30 ms  alive 5 (min 5)  pop 182  state 179 KB  mem 59.7 MB  vetoes 5.09/100  replay 598/598  share 1.166  la 287/4342 roll 1570 audit 4/13 la_ms p99 599
seed 5 turn   9500     2711s  turn p50 408.95 ms p99  764.9  dec p50 0.629 p99 1.21 ms  alive 5 (min 5)  pop 182  state 177 KB  mem 59.7 MB  vetoes 4.27/100  replay 646/646  share 1.245  la 292/4884 roll 1578 audit 8/10 la_ms p99 567
seed 5 turn  10000     2892s  turn p50 394.36 ms p99  968.5  dec p50 0.578 p99 1.22 ms  alive 5 (min 5)  pop 168  state 176 KB  mem 61.2 MB  vetoes 4.53/100  replay 636/636  share 0.812  la 287/4441 roll 1578 audit 13/16 la_ms p99 578
seed 5 turn  10500     3067s  turn p50 417.77 ms p99  920.4  dec p50 0.635 p99 1.23 ms  alive 5 (min 5)  pop 186  state 177 KB  mem 61.2 MB  vetoes 4.14/100  replay 670/670  share 1.194  la 286/5443 roll 1542 audit 10/19 la_ms p99 590
