seed 3 turn    500      199s  turn p50 401.07 ms p99 1716.7  dec p50 1.270 p99 4.39 ms  alive 5 (min 3)  pop 80  state 168 KB  mem 17.8 MB  vetoes 3.88/100  replay 289/289  share 0.545  la 420/1143 roll 2458 audit 13/26 la_ms p99 565
seed 3 turn   1000      401s  turn p50 314.56 ms p99 1745.3  dec p50 1.277 p99 4.12 ms  alive 5 (min 4)  pop 95  state 166 KB  mem 26.8 MB  vetoes 2.81/100  replay 387/387  share 0.48  la 304/1650 roll 1558 audit 39/45 la_ms p99 639
seed 3 turn   1500      525s  turn p50  93.56 ms p99 1241.0  dec p50 1.329 p99 4.45 ms  alive 5 (min 5)  pop 95  state 166 KB  mem 30.7 MB  vetoes 1.89/100  replay 448/448  share 0.48  la 104/2371 roll 568 audit 85/94 la_ms p99 691
seed 3 turn   2000      635s  turn p50  90.93 ms p99 1084.9  dec p50 1.341 p99 26.20 ms  alive 3 (min 3)  pop 104  state 166 KB  mem 34.6 MB  vetoes 3.14/100  replay 380/380  share 0.219  la 69/1596 roll 364 audit 64/66 la_ms p99 629
seed 3 turn   2500      727s  turn p50 100.96 ms p99  937.4  dec p50 1.343 p99 4.24 ms  alive 5 (min 3)  pop 110  state 171 KB  mem 38.8 MB  vetoes 1.58/100  replay 456/456  share 0.366  la 43/619 roll 222 audit 15/22 la_ms p99 623
seed 3 turn   3000      803s  turn p50  97.59 ms p99  842.2  dec p50 1.302 p99 3.64 ms  alive 5 (min 5)  pop 126  state 172 KB  mem 40.7 MB  vetoes 1.37/100  replay 484/484  share 0.331  la 21/460 roll 114 audit 8/17 la_ms p99 704
seed 3 turn   3500      867s  turn p50  92.21 ms p99  735.6  dec p50 1.230 p99 3.31 ms  alive 5 (min 5)  pop 128  state 173 KB  mem 41.3 MB  vetoes 1.25/100  replay 472/472  share 0.353  la 20/442 roll 102 audit 12/20 la_ms p99 611
seed 3 turn   4000      931s  turn p50  91.12 ms p99  738.2  dec p50 1.222 p99 3.21 ms  alive 5 (min 5)  pop 129  state 174 KB  mem 41.8 MB  vetoes 1.23/100  replay 487/487  share 0.351  la 22/441 roll 102 audit 14/22 la_ms p99 469
seed 3 turn   4500      995s  turn p50  92.15 ms p99  722.2  dec p50 1.221 p99 3.28 ms  alive 5 (min 5)  pop 115  state 174 KB  mem 41.8 MB  vetoes 1.23/100  replay 504/504  share 0.382  la 18/454 roll 94 audit 8/18 la_ms p99 610
seed 3 turn   5000     1062s  turn p50  94.61 ms p99  718.4  dec p50 1.205 p99 3.22 ms  alive 5 (min 5)  pop 110  state 174 KB  mem 42.4 MB  vetoes 1.3/100  replay 528/528  share 0.395  la 16/443 roll 80 audit 10/15 la_ms p99 467
seed 3 turn   5500     1125s  turn p50  93.53 ms p99  612.3  dec p50 1.306 p99 3.07 ms  alive 5 (min 5)  pop 116  state 173 KB  mem 42.2 MB  vetoes 0.81/100  replay 539/539  share 0.38  la 24/450 roll 98 audit 16/18 la_ms p99 0
seed 3 turn   6000     1192s  turn p50 103.78 ms p99  670.8  dec p50 1.238 p99 3.10 ms  alive 5 (min 5)  pop 124  state 174 KB  mem 42.6 MB  vetoes 0.91/100  replay 585/585  share 0.361  la 22/430 roll 90 audit 20/22 la_ms p99 0
seed 3 turn   6500     1255s  turn p50 104.41 ms p99  642.2  dec p50 1.241 p99 3.06 ms  alive 5 (min 5)  pop 129  state 174 KB  mem 42.9 MB  vetoes 0.89/100  replay 561/561  share 0.351  la 20/423 roll 80 audit 18/20 la_ms p99 0
seed 3 turn   7000     1318s  turn p50 104.58 ms p99  659.1  dec p50 1.228 p99 3.07 ms  alive 5 (min 5)  pop 132  state 174 KB  mem 42.7 MB  vetoes 0.89/100  replay 572/572  share 0.345  la 17/426 roll 68 audit 17/17 la_ms p99 0
seed 3 turn   7500     1378s  turn p50 102.86 ms p99  644.1  dec p50 1.252 p99 3.08 ms  alive 5 (min 5)  pop 131  state 174 KB  mem 43.0 MB  vetoes 0.82/100  replay 542/542  share 0.347  la 14/459 roll 58 audit 11/14 la_ms p99 0
seed 3 turn   8000     1444s  turn p50 108.94 ms p99  717.7  dec p50 1.262 p99 3.14 ms  alive 5 (min 5)  pop 143  state 175 KB  mem 43.1 MB  vetoes 0.92/100  replay 592/592  share 0.292  la 15/441 roll 60 audit 14/15 la_ms p99 0
seed 3 turn   8500     1521s  turn p50 115.58 ms p99  774.8  dec p50 1.223 p99 3.16 ms  alive 5 (min 5)  pop 147  state 175 KB  mem 43.2 MB  vetoes 1.01/100  replay 624/624  share 0.308  la 19/418 roll 78 audit 17/19 la_ms p99 0
seed 3 turn   9000     1604s  turn p50 117.58 ms p99  792.7  dec p50 1.322 p99 3.23 ms  alive 5 (min 5)  pop 147  state 173 KB  mem 42.9 MB  vetoes 1.28/100  replay 586/586  share 0.303  la 19/438 roll 78 audit 18/19 la_ms p99 0
seed 3 turn   9500     1722s  turn p50 146.36 ms p99  889.2  dec p50 1.407 p99 21.78 ms  alive 5 (min 5)  pop 154  state 173 KB  mem 42.9 MB  vetoes 2.15/100  replay 559/559  share 0.288  la 22/447 roll 90 audit 21/22 la_ms p99 0
seed 3 turn  10000     1849s  turn p50 141.84 ms p99  914.2  dec p50 1.419 p99 25.58 ms  alive 5 (min 5)  pop 165  state 173 KB  mem 43.7 MB  vetoes 1.74/100  replay 511/511  share 0.274  la 18/452 roll 74 audit 13/18 la_ms p99 0
seed 3 turn  10500     1961s  turn p50 140.00 ms p99  790.0  dec p50 1.410 p99 25.14 ms  alive 5 (min 5)  pop 157  state 173 KB  mem 43.3 MB  vetoes 1.86/100  replay 603/603  share 0.284  la 7/409 roll 28 audit 6/7 la_ms p99 0
seed 3 turn  11000     2075s  turn p50 136.48 ms p99  835.7  dec p50 1.397 p99 22.03 ms  alive 5 (min 5)  pop 154  state 173 KB  mem 43.1 MB  vetoes 1.84/100  replay 533/533  share 0.288  la 14/410 roll 56 audit 14/14 la_ms p99 0
seed 3 turn  11500     2200s  turn p50 147.94 ms p99  947.4  dec p50 1.508 p99 21.88 ms  alive 5 (min 5)  pop 160  state 173 KB  mem 42.9 MB  vetoes 1.84/100  replay 535/535  share 0.26  la 18/422 roll 72 audit 16/18 la_ms p99 0
seed 3 turn  12000     2320s  turn p50 146.52 ms p99  859.0  dec p50 1.528 p99 5.71 ms  alive 5 (min 5)  pop 156  state 173 KB  mem 43.0 MB  vetoes 1.84/100  replay 527/527  share 0.265  la 15/425 roll 60 audit 15/15 la_ms p99 0
seed 3 turn  12500     2445s  turn p50 147.68 ms p99  891.0  dec p50 1.610 p99 5.31 ms  alive 5 (min 4)  pop 144  state 173 KB  mem 43.1 MB  vetoes 1.77/100  replay 545/545  share 0.303  la 19/417 roll 76 audit 19/19 la_ms p99 0
seed 3 turn  13000     2602s  turn p50 224.61 ms p99 1105.4  dec p50 1.966 p99 12.44 ms  alive 5 (min 4)  pop 152  state 173 KB  mem 43.1 MB  vetoes 2.0/100  replay 583/583  share 0.291  la 21/426 roll 84 audit 19/21 la_ms p99 0
seed 3 turn  13500     2732s  turn p50 155.09 ms p99  988.6  dec p50 1.506 p99 23.41 ms  alive 5 (min 5)  pop 160  state 174 KB  mem 43.4 MB  vetoes 2.26/100  replay 605/605  share 0.28  la 21/416 roll 84 audit 21/21 la_ms p99 0
seed 3 turn  14000     2883s  turn p50 201.74 ms p99 1177.0  dec p50 1.631 p99 11.82 ms  alive 5 (min 5)  pop 158  state 175 KB  mem 43.3 MB  vetoes 2.63/100  replay 581/581  share 0.283  la 25/423 roll 106 audit 22/25 la_ms p99 0
seed 3 turn  14500     3048s  turn p50 257.07 ms p99 1234.6  dec p50 1.891 p99 12.33 ms  alive 5 (min 5)  pop 159  state 174 KB  mem 43.3 MB  vetoes 2.73/100  replay 600/600  share 0.282  la 27/496 roll 110 audit 23/27 la_ms p99 0
seed 3 turn  15000     3189s  turn p50 151.93 ms p99 1021.0  dec p50 1.519 p99 6.12 ms  alive 5 (min 5)  pop 162  state 175 KB  mem 43.9 MB  vetoes 2.24/100  replay 569/569  share 0.278  la 20/518 roll 80 audit 15/20 la_ms p99 0
seed 3 turn  15500     3322s  turn p50 161.31 ms p99 1040.4  dec p50 1.477 p99 5.33 ms  alive 5 (min 5)  pop 153  state 174 KB  mem 43.3 MB  vetoes 2.33/100  replay 588/588  share 0.29  la 21/509 roll 84 audit 19/21 la_ms p99 0
seed 3 turn  16000     3463s  turn p50 199.96 ms p99 1005.6  dec p50 1.663 p99 8.50 ms  alive 5 (min 5)  pop 159  state 174 KB  mem 43.3 MB  vetoes 2.19/100  replay 568/568  share 0.282  la 16/537 roll 64 audit 13/16 la_ms p99 0
seed 3 turn  16500     3603s  turn p50 173.06 ms p99 1060.4  dec p50 1.578 p99 8.40 ms  alive 5 (min 5)  pop 137  state 174 KB  mem 43.2 MB  vetoes 2.57/100  replay 567/567  share 0.314  la 22/518 roll 92 audit 11/22 la_ms p99 0
seed 3 turn  17000     3743s  turn p50 191.20 ms p99 1073.7  dec p50 1.591 p99 7.84 ms  alive 5 (min 5)  pop 146  state 174 KB  mem 43.2 MB  vetoes 2.24/100  replay 594/594  share 0.279  la 14/478 roll 58 audit 12/14 la_ms p99 0
seed 3 turn  17500     3869s  turn p50 148.91 ms p99 1009.3  dec p50 1.407 p99 5.02 ms  alive 5 (min 5)  pop 147  state 174 KB  mem 43.4 MB  vetoes 2.47/100  replay 563/563  share 0.277  la 19/473 roll 84 audit 13/19 la_ms p99 0
seed 3 turn  18000     3994s  turn p50 150.57 ms p99  983.7  dec p50 1.501 p99 5.92 ms  alive 5 (min 5)  pop 148  state 174 KB  mem 43.2 MB  vetoes 1.66/100  replay 568/568  share 0.297  la 16/457 roll 66 audit 13/16 la_ms p99 0
seed 3 turn  18500     4116s  turn p50 152.40 ms p99  950.1  dec p50 1.475 p99 5.41 ms  alive 5 (min 4)  pop 152  state 174 KB  mem 43.2 MB  vetoes 2.05/100  replay 567/567  share 0.291  la 13/433 roll 52 audit 13/13 la_ms p99 0
seed 3 turn  19000     4247s  turn p50 159.95 ms p99  994.3  dec p50 1.497 p99 6.46 ms  alive 5 (min 5)  pop 152  state 174 KB  mem 43.3 MB  vetoes 2.05/100  replay 558/558  share 0.291  la 19/440 roll 76 audit 18/19 la_ms p99 0
seed 3 turn  19500     4381s  turn p50 167.72 ms p99  991.4  dec p50 1.427 p99 8.14 ms  alive 5 (min 5)  pop 163  state 175 KB  mem 43.5 MB  vetoes 2.79/100  replay 627/627  share 0.276  la 23/421 roll 92 audit 19/23 la_ms p99 0
seed 3 turn  20000     4532s  turn p50 162.16 ms p99 1142.3  dec p50 1.448 p99 5.32 ms  alive 5 (min 5)  pop 160  state 175 KB  mem 44.4 MB  vetoes 2.85/100  replay 591/591  share 0.28  la 28/435 roll 112 audit 25/28 la_ms p99 0
seed 3: 20000 turns in 4532 s; invariants failed: none
