seed 4 turn    500       16s  turn p50  29.82 ms p99   54.5  dec p50 0.838 p99 1.77 ms  alive 5 (min 3)  pop 72  state 189 KB  mem 3.3 MB  vetoes 3.88/100  replay 228/228  share 0.311
seed 4 turn   1000       39s  turn p50  47.20 ms p99   66.4  dec p50 0.845 p99 1.83 ms  alive 5 (min 3)  pop 112  state 201 KB  mem 3.7 MB  vetoes 1.84/100  replay 377/377  share 0.203
seed 4 turn   1500       63s  turn p50  48.23 ms p99   63.3  dec p50 0.852 p99 1.87 ms  alive 3 (min 3)  pop 115  state 222 KB  mem 3.8 MB  vetoes 1.55/100  replay 383/383  share 0.099
seed 4 turn   2000       88s  turn p50  48.02 ms p99   63.6  dec p50 0.877 p99 1.86 ms  alive 3 (min 3)  pop 113  state 246 KB  mem 3.8 MB  vetoes 0.86/100  replay 406/406  share 0.101
seed 4 turn   2500      114s  turn p50  52.11 ms p99   73.0  dec p50 0.881 p99 1.86 ms  alive 4 (min 3)  pop 123  state 290 KB  mem 4.3 MB  vetoes 1.06/100  replay 395/395  share 0.121
seed 4 turn   3000      141s  turn p50  51.17 ms p99   72.8  dec p50 0.888 p99 1.85 ms  alive 3 (min 3)  pop 132  state 317 KB  mem 4.2 MB  vetoes 1.69/100  replay 374/374  share 0.076
seed 4 turn   3500      169s  turn p50  56.36 ms p99   78.0  dec p50 0.906 p99 1.84 ms  alive 3 (min 3)  pop 141  state 320 KB  mem 4.6 MB  vetoes 2.08/100  replay 400/400  share 0.0
seed 4 turn   4000      200s  turn p50  60.61 ms p99   84.0  dec p50 0.890 p99 1.81 ms  alive 3 (min 3)  pop 127  state 316 KB  mem 4.4 MB  vetoes 1.9/100  replay 472/472  share 0.066
seed 4 turn   4500      228s  turn p50  55.38 ms p99   76.2  dec p50 0.893 p99 1.80 ms  alive 3 (min 3)  pop 134  state 320 KB  mem 4.5 MB  vetoes 3.36/100  replay 427/427  share 0.0
seed 4 turn   5000      260s  turn p50  58.67 ms p99   79.4  dec p50 0.888 p99 1.81 ms  alive 3 (min 3)  pop 131  state 322 KB  mem 4.8 MB  vetoes 2.52/100  replay 431/431  share 0.0
seed 4 turn   5500      290s  turn p50  58.06 ms p99   78.4  dec p50 0.884 p99 1.86 ms  alive 5 (min 3)  pop 137  state 323 KB  mem 4.8 MB  vetoes 3.12/100  replay 433/433  share 0.167
seed 4 turn   6000      320s  turn p50  58.16 ms p99   84.4  dec p50 0.871 p99 1.87 ms  alive 5 (min 4)  pop 152  state 326 KB  mem 4.7 MB  vetoes 3.66/100  replay 430/430  share 0.133
seed 4 turn   6500      350s  turn p50  56.57 ms p99   83.1  dec p50 0.864 p99 1.86 ms  alive 5 (min 5)  pop 149  state 326 KB  mem 4.9 MB  vetoes 4.8/100  replay 491/491  share 0.135
seed 4 turn   7000      380s  turn p50  59.22 ms p99   89.4  dec p50 0.869 p99 1.86 ms  alive 5 (min 5)  pop 139  state 324 KB  mem 4.9 MB  vetoes 5.56/100  replay 468/468  share 0.141
seed 4 turn   7500      409s  turn p50  58.43 ms p99   90.6  dec p50 0.870 p99 1.86 ms  alive 5 (min 5)  pop 154  state 324 KB  mem 4.9 MB  vetoes 5.62/100  replay 418/418  share 0.131
seed 4 turn   8000      440s  turn p50  58.50 ms p99   92.9  dec p50 0.876 p99 1.87 ms  alive 5 (min 4)  pop 147  state 322 KB  mem 4.8 MB  vetoes 5.05/100  replay 456/456  share 0.136
seed 4 turn   8500      471s  turn p50  61.30 ms p99   79.1  dec p50 0.927 p99 1.87 ms  alive 5 (min 3)  pop 155  state 322 KB  mem 4.9 MB  vetoes 2.37/100  replay 437/437  share 0.091
seed 4 turn   9000      499s  turn p50  54.99 ms p99   79.5  dec p50 1.427 p99 1.84 ms  alive 3 (min 3)  pop 164  state 318 KB  mem 4.7 MB  vetoes 3.87/100  replay 365/365  share 0.0
seed 4 turn   9500      529s  turn p50  60.62 ms p99   78.2  dec p50 1.376 p99 1.85 ms  alive 3 (min 3)  pop 162  state 321 KB  mem 4.8 MB  vetoes 2.89/100  replay 425/425  share 0.0
seed 4 turn  10000      562s  turn p50  59.13 ms p99   86.4  dec p50 1.199 p99 1.85 ms  alive 4 (min 3)  pop 164  state 320 KB  mem 5.2 MB  vetoes 3.35/100  replay 445/445  share 0.093
seed 4 turn  10500      593s  turn p50  61.27 ms p99   80.9  dec p50 1.119 p99 1.87 ms  alive 4 (min 3)  pop 160  state 323 KB  mem 5.1 MB  vetoes 2.93/100  replay 436/436  share 0.095
seed 4 turn  11000      624s  turn p50  59.50 ms p99   90.0  dec p50 1.131 p99 1.86 ms  alive 4 (min 3)  pop 163  state 320 KB  mem 4.9 MB  vetoes 3.35/100  replay 447/447  share 0.08
seed 4 turn  11500      655s  turn p50  62.32 ms p99   87.4  dec p50 0.920 p99 1.86 ms  alive 5 (min 3)  pop 172  state 322 KB  mem 5.1 MB  vetoes 2.92/100  replay 443/443  share 0.12
seed 4 turn  12000      687s  turn p50  62.63 ms p99   82.9  dec p50 0.929 p99 1.85 ms  alive 5 (min 3)  pop 176  state 325 KB  mem 5.2 MB  vetoes 2.63/100  replay 447/447  share 0.118
seed 4 turn  12500      719s  turn p50  63.82 ms p99   85.5  dec p50 0.922 p99 1.85 ms  alive 4 (min 4)  pop 166  state 324 KB  mem 5.1 MB  vetoes 2.45/100  replay 471/471  share 0.0
seed 4 turn  13000      751s  turn p50  62.95 ms p99   83.6  dec p50 0.932 p99 1.86 ms  alive 5 (min 3)  pop 174  state 329 KB  mem 5.2 MB  vetoes 2.74/100  replay 435/435  share 0.101
seed 4 turn  13500      781s  turn p50  60.44 ms p99   79.1  dec p50 1.397 p99 1.85 ms  alive 4 (min 3)  pop 167  state 329 KB  mem 5.0 MB  vetoes 2.63/100  replay 408/408  share 0.065
seed 4 turn  14000      814s  turn p50  63.90 ms p99   85.2  dec p50 1.247 p99 1.86 ms  alive 4 (min 3)  pop 174  state 333 KB  mem 5.1 MB  vetoes 2.49/100  replay 415/415  share 0.0
seed 4 turn  14500      845s  turn p50  62.00 ms p99   87.2  dec p50 1.415 p99 1.87 ms  alive 5 (min 4)  pop 145  state 334 KB  mem 5.4 MB  vetoes 3.22/100  replay 444/444  share 0.133
seed 4 turn  15000      879s  turn p50  59.33 ms p99   85.2  dec p50 0.898 p99 1.87 ms  alive 5 (min 5)  pop 169  state 334 KB  mem 5.5 MB  vetoes 5.37/100  replay 420/420  share 0.12
seed 4 turn  15500      910s  turn p50  59.57 ms p99   84.6  dec p50 0.890 p99 1.87 ms  alive 5 (min 5)  pop 170  state 336 KB  mem 5.4 MB  vetoes 5.98/100  replay 450/450  share 0.119
seed 4 turn  16000      941s  turn p50  59.49 ms p99   85.1  dec p50 0.891 p99 1.87 ms  alive 5 (min 5)  pop 180  state 333 KB  mem 5.3 MB  vetoes 5.72/100  replay 433/433  share 0.114
seed 4 turn  16500      972s  turn p50  60.22 ms p99   87.2  dec p50 0.887 p99 1.87 ms  alive 5 (min 5)  pop 177  state 332 KB  mem 5.3 MB  vetoes 5.92/100  replay 473/473  share 0.099
seed 4 turn  17000     1004s  turn p50  57.78 ms p99   87.6  dec p50 0.892 p99 1.87 ms  alive 5 (min 5)  pop 184  state 331 KB  mem 5.3 MB  vetoes 5.7/100  replay 447/447  share 0.112
seed 4 turn  17500     1035s  turn p50  63.26 ms p99   85.4  dec p50 0.997 p99 1.87 ms  alive 5 (min 4)  pop 184  state 334 KB  mem 5.3 MB  vetoes 3.9/100  replay 439/439  share 0.112
seed 4 turn  18000     1067s  turn p50  62.26 ms p99   80.8  dec p50 1.425 p99 1.85 ms  alive 4 (min 3)  pop 185  state 334 KB  mem 5.2 MB  vetoes 2.63/100  replay 430/430  share 0.084
seed 4 turn  18500     1100s  turn p50  64.30 ms p99   84.8  dec p50 1.234 p99 1.88 ms  alive 5 (min 4)  pop 197  state 337 KB  mem 5.6 MB  vetoes 2.56/100  replay 468/468  share 0.106
seed 4 turn  19000     1134s  turn p50  66.19 ms p99   87.5  dec p50 1.225 p99 1.86 ms  alive 4 (min 4)  pop 192  state 339 KB  mem 5.4 MB  vetoes 2.87/100  replay 463/463  share 0.069
seed 4 turn  19500     1166s  turn p50  64.99 ms p99   87.8  dec p50 1.305 p99 1.88 ms  alive 5 (min 4)  pop 190  state 339 KB  mem 5.4 MB  vetoes 3.27/100  replay 477/477  share 0.109
seed 4 turn  20000     1203s  turn p50  65.92 ms p99   98.9  dec p50 1.228 p99 1.88 ms  alive 5 (min 4)  pop 193  state 342 KB  mem 5.8 MB  vetoes 2.83/100  replay 432/432  share 0.107
seed 4: 20000 turns in 1203 s; invariants failed: none
