seed 2 turn    500       32s  turn p50  66.84 ms p99  101.4  dec p50 1.136 p99 2.73 ms  alive 5 (min 3)  pop 119  state 215 KB  mem 4.0 MB  vetoes 4.29/100  replay 343/343  share 0.172
seed 2 turn   1000       75s  turn p50  84.38 ms p99  124.8  dec p50 1.135 p99 2.99 ms  alive 5 (min 4)  pop 115  state 222 KB  mem 4.3 MB  vetoes 3.33/100  replay 436/436  share 0.176
seed 2 turn   1500      123s  turn p50  96.47 ms p99  141.1  dec p50 1.264 p99 3.35 ms  alive 5 (min 5)  pop 121  state 224 KB  mem 4.3 MB  vetoes 3.46/100  replay 445/445  share 0.167
seed 2 turn   2000      170s  turn p50  92.30 ms p99  150.3  dec p50 1.264 p99 3.51 ms  alive 4 (min 4)  pop 126  state 219 KB  mem 4.4 MB  vetoes 2.09/100  replay 466/466  share 0.119
seed 2 turn   2500      211s  turn p50  81.10 ms p99  118.2  dec p50 1.760 p99 2.98 ms  alive 4 (min 3)  pop 141  state 211 KB  mem 4.0 MB  vetoes 1.6/100  replay 403/403  share 0.108
seed 2 turn   3000      254s  turn p50  84.58 ms p99  118.5  dec p50 1.434 p99 2.97 ms  alive 5 (min 4)  pop 146  state 235 KB  mem 4.5 MB  vetoes 3.39/100  replay 369/369  share 0.139
seed 2 turn   3500      302s  turn p50  93.64 ms p99  128.1  dec p50 1.329 p99 3.02 ms  alive 5 (min 5)  pop 149  state 228 KB  mem 4.7 MB  vetoes 1.62/100  replay 453/453  share 0.137
seed 2 turn   4000      350s  turn p50  95.73 ms p99  131.7  dec p50 1.549 p99 2.97 ms  alive 5 (min 5)  pop 150  state 235 KB  mem 4.7 MB  vetoes 0.9/100  replay 426/426  share 0.134
seed 2 turn   4500      399s  turn p50  97.20 ms p99  123.4  dec p50 1.440 p99 2.96 ms  alive 5 (min 5)  pop 154  state 234 KB  mem 4.7 MB  vetoes 1.19/100  replay 483/483  share 0.131
seed 2 turn   5000      452s  turn p50  97.50 ms p99  132.7  dec p50 1.502 p99 3.02 ms  alive 5 (min 5)  pop 144  state 230 KB  mem 5.0 MB  vetoes 1.14/100  replay 454/454  share 0.138
seed 2 turn   5500      516s  turn p50 114.91 ms p99  227.7  dec p50 2.157 p99 4.92 ms  alive 5 (min 5)  pop 161  state 235 KB  mem 4.8 MB  vetoes 1.06/100  replay 534/534  share 0.126
seed 2 turn   6000      603s  turn p50 175.57 ms p99  229.3  dec p50 2.541 p99 5.09 ms  alive 5 (min 5)  pop 166  state 233 KB  mem 4.9 MB  vetoes 1.07/100  replay 470/470  share 0.123
seed 2 turn   6500      664s  turn p50 111.09 ms p99  213.8  dec p50 2.041 p99 4.64 ms  alive 5 (min 5)  pop 162  state 234 KB  mem 4.9 MB  vetoes 0.87/100  replay 502/502  share 0.125
seed 2 turn   7000      711s  turn p50  94.38 ms p99  142.0  dec p50 1.579 p99 3.41 ms  alive 5 (min 5)  pop 165  state 235 KB  mem 4.9 MB  vetoes 1.11/100  replay 459/459  share 0.123
seed 2 turn   7500      758s  turn p50  92.25 ms p99  137.4  dec p50 1.560 p99 3.32 ms  alive 5 (min 5)  pop 162  state 234 KB  mem 4.8 MB  vetoes 1.21/100  replay 484/484  share 0.125
seed 2 turn   8000      808s  turn p50  99.15 ms p99  143.7  dec p50 1.737 p99 3.53 ms  alive 5 (min 5)  pop 163  state 235 KB  mem 4.7 MB  vetoes 1.09/100  replay 487/487  share 0.124
seed 2 turn   8500      857s  turn p50  97.56 ms p99  127.2  dec p50 1.663 p99 3.00 ms  alive 5 (min 5)  pop 165  state 234 KB  mem 4.8 MB  vetoes 1.31/100  replay 450/450  share 0.123
seed 2 turn   9000      907s  turn p50  99.65 ms p99  133.3  dec p50 1.697 p99 3.01 ms  alive 5 (min 5)  pop 149  state 238 KB  mem 5.0 MB  vetoes 1.18/100  replay 471/471  share 0.133
seed 2 turn   9500      955s  turn p50  96.19 ms p99  128.0  dec p50 1.639 p99 2.98 ms  alive 5 (min 5)  pop 161  state 230 KB  mem 4.9 MB  vetoes 1.31/100  replay 480/480  share 0.126
seed 2 turn  10000     1005s  turn p50  91.30 ms p99  119.7  dec p50 1.522 p99 2.68 ms  alive 5 (min 5)  pop 165  state 235 KB  mem 5.0 MB  vetoes 1.3/100  replay 454/454  share 0.123
seed 2 turn  10500     1051s  turn p50  91.35 ms p99  119.8  dec p50 1.539 p99 2.67 ms  alive 5 (min 5)  pop 165  state 238 KB  mem 4.8 MB  vetoes 1.15/100  replay 472/472  share 0.123
seed 2 turn  11000     1097s  turn p50  91.97 ms p99  121.3  dec p50 1.516 p99 2.69 ms  alive 5 (min 5)  pop 163  state 241 KB  mem 5.0 MB  vetoes 1.16/100  replay 471/471  share 0.124
seed 2 turn  11500     1146s  turn p50  93.88 ms p99  183.1  dec p50 1.695 p99 3.76 ms  alive 5 (min 5)  pop 162  state 238 KB  mem 5.0 MB  vetoes 1.54/100  replay 442/442  share 0.125
seed 2 turn  12000     1197s  turn p50  97.75 ms p99  184.4  dec p50 1.877 p99 4.01 ms  alive 5 (min 5)  pop 167  state 242 KB  mem 5.0 MB  vetoes 1.33/100  replay 507/507  share 0.103
seed 2 turn  12500     1251s  turn p50 108.19 ms p99  188.6  dec p50 1.524 p99 3.57 ms  alive 5 (min 5)  pop 166  state 245 KB  mem 5.2 MB  vetoes 1.76/100  replay 558/558  share 0.121
seed 2 turn  13000     1305s  turn p50 106.26 ms p99  152.2  dec p50 1.488 p99 3.02 ms  alive 5 (min 5)  pop 163  state 249 KB  mem 5.1 MB  vetoes 0.24/100  replay 525/525  share 0.123
seed 2 turn  13500     1363s  turn p50 115.89 ms p99  149.6  dec p50 1.392 p99 3.19 ms  alive 4 (min 4)  pop 153  state 230 KB  mem 4.9 MB  vetoes 1.04/100  replay 494/494  share 0.082
seed 2 turn  14000     1418s  turn p50 108.91 ms p99  170.9  dec p50 1.768 p99 3.86 ms  alive 5 (min 4)  pop 166  state 249 KB  mem 5.2 MB  vetoes 1.62/100  replay 532/532  share 0.121
seed 2 turn  14500     1477s  turn p50 113.35 ms p99  184.3  dec p50 1.817 p99 4.08 ms  alive 5 (min 5)  pop 172  state 246 KB  mem 5.2 MB  vetoes 2.32/100  replay 511/511  share 0.117
seed 2 turn  15000     1548s  turn p50 127.60 ms p99  242.9  dec p50 1.823 p99 3.85 ms  alive 5 (min 5)  pop 167  state 264 KB  mem 5.6 MB  vetoes 2.73/100  replay 588/588  share 0.566
seed 2 turn  15500     1610s  turn p50 121.83 ms p99  153.9  dec p50 1.678 p99 3.22 ms  alive 5 (min 5)  pop 162  state 255 KB  mem 5.3 MB  vetoes 1.52/100  replay 570/570  share 0.472
seed 2 turn  16000     1671s  turn p50 121.07 ms p99  163.6  dec p50 1.697 p99 3.30 ms  alive 5 (min 5)  pop 174  state 255 KB  mem 5.4 MB  vetoes 1.21/100  replay 547/547  share 0.486
seed 2 turn  16500     1733s  turn p50 123.68 ms p99  163.6  dec p50 1.638 p99 3.33 ms  alive 5 (min 5)  pop 171  state 262 KB  mem 5.4 MB  vetoes 0.47/100  replay 610/610  share 0.493
seed 2 turn  17000     1796s  turn p50 124.61 ms p99  143.6  dec p50 1.588 p99 3.09 ms  alive 5 (min 5)  pop 149  state 263 KB  mem 5.5 MB  vetoes 0.4/100  replay 563/563  share 0.525
seed 2 turn  17500     1860s  turn p50 128.10 ms p99  155.0  dec p50 1.605 p99 3.27 ms  alive 5 (min 5)  pop 170  state 259 KB  mem 5.5 MB  vetoes 0.42/100  replay 547/547  share 0.455
seed 2 turn  18000     1916s  turn p50 110.26 ms p99  137.5  dec p50 1.566 p99 3.01 ms  alive 5 (min 5)  pop 171  state 253 KB  mem 5.3 MB  vetoes 0.54/100  replay 570/570  share 0.473
seed 2 turn  18500     1970s  turn p50 109.63 ms p99  126.7  dec p50 1.570 p99 3.03 ms  alive 5 (min 5)  pop 167  state 252 KB  mem 5.4 MB  vetoes 0.37/100  replay 570/570  share 0.481
seed 2 turn  19000     2024s  turn p50 109.74 ms p99  128.3  dec p50 1.562 p99 3.08 ms  alive 5 (min 5)  pop 175  state 253 KB  mem 5.4 MB  vetoes 0.37/100  replay 531/531  share 0.484
seed 2 turn  19500     2077s  turn p50 106.55 ms p99  125.5  dec p50 1.538 p99 2.99 ms  alive 5 (min 5)  pop 173  state 253 KB  mem 5.3 MB  vetoes 0.37/100  replay 545/545  share 0.489
seed 2 turn  20000     2132s  turn p50 100.86 ms p99  122.1  dec p50 1.483 p99 2.82 ms  alive 5 (min 5)  pop 175  state 252 KB  mem 6.0 MB  vetoes 0.99/100  replay 537/537  share 0.464
seed 2: 20000 turns in 2132 s; invariants failed: none
