seed 1 turn    500       34s  turn p50  67.90 ms p99  129.3  dec p50 1.284 p99 2.96 ms  alive 5 (min 3)  pop 126  state 232 KB  mem 4.3 MB  vetoes 2.46/100  replay 339/339  share 1.343
seed 1 turn   1000       90s  turn p50 110.95 ms p99  162.0  dec p50 1.546 p99 3.32 ms  alive 5 (min 5)  pop 132  state 261 KB  mem 5.0 MB  vetoes 5.21/100  replay 507/507  share 5.818
seed 1 turn   1500      159s  turn p50 136.84 ms p99  180.2  dec p50 1.633 p99 3.10 ms  alive 5 (min 5)  pop 132  state 266 KB  mem 5.3 MB  vetoes 4.59/100  replay 648/648  share 5.692
seed 1 turn   2000      230s  turn p50 140.13 ms p99  205.8  dec p50 1.640 p99 3.32 ms  alive 5 (min 5)  pop 134  state 270 KB  mem 5.2 MB  vetoes 5.15/100  replay 597/597  share 5.795
seed 1 turn   2500      302s  turn p50 142.86 ms p99  189.5  dec p50 1.599 p99 3.13 ms  alive 5 (min 4)  pop 159  state 271 KB  mem 5.6 MB  vetoes 3.96/100  replay 657/657  share 2.627
seed 1 turn   3000      374s  turn p50 146.14 ms p99  184.4  dec p50 1.505 p99 3.00 ms  alive 5 (min 5)  pop 163  state 268 KB  mem 5.7 MB  vetoes 1.4/100  replay 699/699  share 1.947
seed 1 turn   3500      449s  turn p50 144.38 ms p99  232.2  dec p50 1.533 p99 3.84 ms  alive 5 (min 5)  pop 162  state 263 KB  mem 5.6 MB  vetoes 1.87/100  replay 700/700  share 1.182
seed 1 turn   4000      514s  turn p50 125.47 ms p99  226.3  dec p50 1.943 p99 4.55 ms  alive 4 (min 4)  pop 173  state 212 KB  mem 4.7 MB  vetoes 2.48/100  replay 537/537  share 0.0
seed 1 turn   4500      580s  turn p50 128.69 ms p99  197.4  dec p50 1.660 p99 3.23 ms  alive 5 (min 4)  pop 185  state 282 KB  mem 5.6 MB  vetoes 3.52/100  replay 585/585  share 7.043
seed 1 turn   5000      653s  turn p50 136.60 ms p99  184.7  dec p50 1.732 p99 3.49 ms  alive 5 (min 5)  pop 190  state 266 KB  mem 5.7 MB  vetoes 3.99/100  replay 544/544  share 12.188
seed 1 turn   5500      710s  turn p50 112.43 ms p99  154.9  dec p50 1.553 p99 2.98 ms  alive 5 (min 5)  pop 186  state 261 KB  mem 5.5 MB  vetoes 4.47/100  replay 517/517  share 4.644
seed 1 turn   6000      755s  turn p50  92.63 ms p99  141.8  dec p50 1.574 p99 2.65 ms  alive 5 (min 4)  pop 199  state 242 KB  mem 5.3 MB  vetoes 2.27/100  replay 445/445  share 0.601
seed 1 turn   6500      811s  turn p50 110.97 ms p99  155.1  dec p50 1.502 p99 3.40 ms  alive 5 (min 5)  pop 197  state 228 KB  mem 5.1 MB  vetoes 1.96/100  replay 535/535  share 0.236
seed 1 turn   7000      864s  turn p50 106.63 ms p99  150.1  dec p50 1.616 p99 3.57 ms  alive 5 (min 5)  pop 199  state 231 KB  mem 5.2 MB  vetoes 1.35/100  replay 543/543  share 0.234
seed 1 turn   7500      925s  turn p50 120.89 ms p99  167.0  dec p50 1.499 p99 3.44 ms  alive 5 (min 5)  pop 165  state 245 KB  mem 5.5 MB  vetoes 3.49/100  replay 559/559  share 0.27
seed 1 turn   8000      979s  turn p50 109.06 ms p99  149.2  dec p50 1.524 p99 2.94 ms  alive 5 (min 5)  pop 186  state 255 KB  mem 5.5 MB  vetoes 1.02/100  replay 596/596  share 0.448
seed 1 turn   8500     1034s  turn p50 110.55 ms p99  140.3  dec p50 1.194 p99 2.75 ms  alive 5 (min 5)  pop 196  state 247 KB  mem 5.4 MB  vetoes 0.51/100  replay 604/604  share 0.237
seed 1 turn   9000     1090s  turn p50 112.61 ms p99  144.0  dec p50 1.152 p99 2.81 ms  alive 5 (min 5)  pop 184  state 245 KB  mem 5.6 MB  vetoes 0.97/100  replay 608/608  share 0.697
seed 1 turn   9500     1154s  turn p50 114.80 ms p99  233.9  dec p50 1.841 p99 4.15 ms  alive 5 (min 5)  pop 198  state 243 KB  mem 5.4 MB  vetoes 2.93/100  replay 566/566  share 0.105
seed 1 turn  10000     1215s  turn p50 105.49 ms p99  217.5  dec p50 1.737 p99 3.94 ms  alive 5 (min 4)  pop 205  state 248 KB  mem 5.6 MB  vetoes 1.57/100  replay 548/548  share 0.226
seed 1 turn  10500     1275s  turn p50 118.69 ms p99  186.3  dec p50 1.593 p99 3.48 ms  alive 5 (min 5)  pop 195  state 258 KB  mem 5.6 MB  vetoes 0.43/100  replay 574/574  share 0.216
seed 1 turn  11000     1336s  turn p50 121.00 ms p99  192.8  dec p50 1.536 p99 3.65 ms  alive 5 (min 5)  pop 210  state 247 KB  mem 5.6 MB  vetoes 0.39/100  replay 585/585  share 0.22
seed 1 turn  11500     1399s  turn p50 125.09 ms p99  170.5  dec p50 1.476 p99 3.19 ms  alive 5 (min 5)  pop 195  state 255 KB  mem 5.5 MB  vetoes 0.37/100  replay 587/587  share 0.184
seed 1 turn  12000     1470s  turn p50 135.21 ms p99  231.8  dec p50 1.765 p99 4.03 ms  alive 5 (min 5)  pop 205  state 259 KB  mem 5.6 MB  vetoes 0.59/100  replay 583/583  share 0.224
seed 1 turn  12500     1539s  turn p50 137.23 ms p99  176.1  dec p50 1.565 p99 3.17 ms  alive 5 (min 5)  pop 204  state 259 KB  mem 5.6 MB  vetoes 0.47/100  replay 641/641  share 0.225
seed 1 turn  13000     1609s  turn p50 138.42 ms p99  217.3  dec p50 1.436 p99 3.90 ms  alive 5 (min 5)  pop 202  state 257 KB  mem 5.6 MB  vetoes 0.52/100  replay 637/637  share 0.226
seed 1 turn  13500     1697s  turn p50 165.57 ms p99  293.7  dec p50 2.012 p99 4.62 ms  alive 5 (min 5)  pop 211  state 258 KB  mem 5.7 MB  vetoes 0.58/100  replay 631/631  share 0.219
seed 1 turn  14000     1767s  turn p50 132.48 ms p99  246.6  dec p50 1.787 p99 3.96 ms  alive 5 (min 5)  pop 210  state 235 KB  mem 5.5 MB  vetoes 0.74/100  replay 610/610  share 0.22
seed 1 turn  14500     1837s  turn p50 132.41 ms p99  247.9  dec p50 1.571 p99 3.85 ms  alive 5 (min 5)  pop 212  state 257 KB  mem 5.6 MB  vetoes 0.35/100  replay 616/616  share 0.218
seed 1 turn  15000     1908s  turn p50 126.73 ms p99  232.8  dec p50 1.314 p99 3.70 ms  alive 5 (min 5)  pop 211  state 257 KB  mem 6.0 MB  vetoes 0.35/100  replay 646/646  share 0.219
seed 1 turn  15500     2000s  turn p50 196.17 ms p99  268.4  dec p50 1.908 p99 4.53 ms  alive 5 (min 5)  pop 197  state 263 KB  mem 5.8 MB  vetoes 0.32/100  replay 618/618  share 0.231
seed 1 turn  16000     2072s  turn p50 126.14 ms p99  269.1  dec p50 1.777 p99 4.10 ms  alive 5 (min 5)  pop 209  state 237 KB  mem 5.6 MB  vetoes 0.31/100  replay 627/627  share 0.205
seed 1 turn  16500     2131s  turn p50 115.05 ms p99  163.4  dec p50 1.121 p99 2.72 ms  alive 5 (min 5)  pop 205  state 258 KB  mem 5.9 MB  vetoes 0.52/100  replay 652/652  share 0.224
seed 1 turn  17000     2194s  turn p50 123.68 ms p99  180.7  dec p50 1.166 p99 2.94 ms  alive 5 (min 5)  pop 214  state 263 KB  mem 5.8 MB  vetoes 0.49/100  replay 656/656  share 0.217
seed 1 turn  17500     2258s  turn p50 122.12 ms p99  243.0  dec p50 1.387 p99 3.69 ms  alive 5 (min 5)  pop 221  state 256 KB  mem 5.8 MB  vetoes 0.32/100  replay 636/636  share 0.211
seed 1 turn  18000     2317s  turn p50 116.28 ms p99  153.8  dec p50 1.107 p99 2.69 ms  alive 5 (min 5)  pop 221  state 252 KB  mem 5.7 MB  vetoes 0.44/100  replay 610/610  share 0.211
seed 1 turn  18500     2376s  turn p50 115.41 ms p99  153.8  dec p50 1.101 p99 2.68 ms  alive 5 (min 5)  pop 217  state 252 KB  mem 5.7 MB  vetoes 0.43/100  replay 605/605  share 0.214
seed 1 turn  19000     2424s  turn p50  92.25 ms p99  146.0  dec p50 1.044 p99 2.45 ms  alive 5 (min 5)  pop 222  state 259 KB  mem 5.7 MB  vetoes 0.33/100  replay 600/600  share 0.211
seed 1 turn  19500     2469s  turn p50  91.90 ms p99  126.2  dec p50 0.940 p99 2.12 ms  alive 5 (min 5)  pop 221  state 261 KB  mem 5.7 MB  vetoes 1.27/100  replay 602/602  share 0.211
seed 1 turn  20000     2523s  turn p50  98.88 ms p99  129.4  dec p50 0.883 p99 2.09 ms  alive 5 (min 5)  pop 218  state 270 KB  mem 6.0 MB  vetoes 0.76/100  replay 699/699  share 0.214
seed 1: 20000 turns in 2523 s; invariants failed: none
